Archive member included to satisfy reference by file (symbol)

c:/qmk_msys/mingw64/bin/../lib/gcc/avr/8.4.0/avr5\libgcc.a(_udivmodhi4.o)
                              .build/obj_bm40hsrgb_xue/quantum/color.o (__udivmodhi4)
c:/qmk_msys/mingw64/bin/../lib/gcc/avr/8.4.0/avr5\libgcc.a(_divmodhi4.o)
                              .build/obj_bm40hsrgb_xue/quantum/mousekey.o (__divmodhi4)
c:/qmk_msys/mingw64/bin/../lib/gcc/avr/8.4.0/avr5\libgcc.a(_divmodsi4.o)
                              .build/obj_bm40hsrgb_xue/quantum/rgb_matrix.o (__divmodsi4)
c:/qmk_msys/mingw64/bin/../lib/gcc/avr/8.4.0/avr5\libgcc.a(_negsi2.o)
                              c:/qmk_msys/mingw64/bin/../lib/gcc/avr/8.4.0/avr5\libgcc.a(_divmodsi4.o) (__negsi2)
c:/qmk_msys/mingw64/bin/../lib/gcc/avr/8.4.0/avr5\libgcc.a(_exit.o)
                              c:/qmk_msys/mingw64/bin/../lib/gcc/avr/8.4.0/../../../../avr/lib/avr5/crtatmega32u4.o (exit)
c:/qmk_msys/mingw64/bin/../lib/gcc/avr/8.4.0/avr5\libgcc.a(_tablejump2.o)
                              .build/obj_bm40hsrgb_xue/keyboards/bm40hsrgb/keymaps/xue/keymap.o (__tablejump2__)
c:/qmk_msys/mingw64/bin/../lib/gcc/avr/8.4.0/avr5\libgcc.a(_copy_data.o)
                              .build/obj_bm40hsrgb_xue/keyboards/bm40hsrgb/bm40hsrgb.o (__do_copy_data)
c:/qmk_msys/mingw64/bin/../lib/gcc/avr/8.4.0/avr5\libgcc.a(_clear_bss.o)
                              .build/obj_bm40hsrgb_xue/keyboards/bm40hsrgb/keymaps/xue/keymap.o (__do_clear_bss)
c:/qmk_msys/mingw64/bin/../lib/gcc/avr/8.4.0/avr5\libgcc.a(_udivmodsi4.o)
                              c:/qmk_msys/mingw64/bin/../lib/gcc/avr/8.4.0/avr5\libgcc.a(_divmodsi4.o) (__udivmodsi4)
c:/qmk_msys/mingw64/bin/../lib/gcc/avr/8.4.0/../../../../avr/lib/avr5\libc.a(memcpy.o)
                              .build/obj_bm40hsrgb_xue/quantum/rgb_matrix.o (memcpy)
c:/qmk_msys/mingw64/bin/../lib/gcc/avr/8.4.0/../../../../avr/lib/avr5\libatmega32u4.a(eerd_block.o)
                              .build/obj_bm40hsrgb_xue/quantum/rgb_matrix.o (eeprom_read_block)
c:/qmk_msys/mingw64/bin/../lib/gcc/avr/8.4.0/../../../../avr/lib/avr5\libatmega32u4.a(eerd_byte.o)
                              .build/obj_bm40hsrgb_xue/common/eeconfig.o (eeprom_read_byte)
c:/qmk_msys/mingw64/bin/../lib/gcc/avr/8.4.0/../../../../avr/lib/avr5\libatmega32u4.a(eerd_dword.o)
                              .build/obj_bm40hsrgb_xue/common/eeconfig.o (eeprom_read_dword)
c:/qmk_msys/mingw64/bin/../lib/gcc/avr/8.4.0/../../../../avr/lib/avr5\libatmega32u4.a(eerd_word.o)
                              .build/obj_bm40hsrgb_xue/common/eeconfig.o (eeprom_read_word)
c:/qmk_msys/mingw64/bin/../lib/gcc/avr/8.4.0/../../../../avr/lib/avr5\libatmega32u4.a(eeupd_block.o)
                              .build/obj_bm40hsrgb_xue/quantum/rgb_matrix.o (eeprom_update_block)
c:/qmk_msys/mingw64/bin/../lib/gcc/avr/8.4.0/../../../../avr/lib/avr5\libatmega32u4.a(eeupd_byte.o)
                              .build/obj_bm40hsrgb_xue/common/eeconfig.o (eeprom_update_byte)
c:/qmk_msys/mingw64/bin/../lib/gcc/avr/8.4.0/../../../../avr/lib/avr5\libatmega32u4.a(eeupd_dword.o)
                              .build/obj_bm40hsrgb_xue/common/eeconfig.o (eeprom_update_dword)
c:/qmk_msys/mingw64/bin/../lib/gcc/avr/8.4.0/../../../../avr/lib/avr5\libatmega32u4.a(eeupd_word.o)
                              .build/obj_bm40hsrgb_xue/common/eeconfig.o (eeprom_update_word)

Allocating common symbols
Common symbol       size              file

rgb_matrix_config   0x6               .build/obj_bm40hsrgb_xue/quantum/rgb_matrix.o
USB_IsInitialized   0x1               .build/obj_bm40hsrgb_xue/lib/lufa/LUFA/Drivers/USB/Core/USBTask.o
keymap_config       0x2               .build/obj_bm40hsrgb_xue/quantum/bootmagic/magic.o
USB_DeviceState     0x1               .build/obj_bm40hsrgb_xue/lib/lufa/LUFA/Drivers/USB/Core/USBTask.o
USB_Device_ConfigurationNumber
                    0x1               .build/obj_bm40hsrgb_xue/lib/lufa/LUFA/Drivers/USB/Core/DeviceStandardReq.o
g_rgb_timer         0x4               .build/obj_bm40hsrgb_xue/quantum/rgb_matrix.o
raw_matrix          0x8               .build/obj_bm40hsrgb_xue/quantum/matrix_common.o
USB_Device_CurrentlySelfPowered
                    0x1               .build/obj_bm40hsrgb_xue/lib/lufa/LUFA/Drivers/USB/Core/DeviceStandardReq.o
rgb_matrix_ws2812_array
                    0x9f              .build/obj_bm40hsrgb_xue/quantum/rgb_matrix_drivers.o
matrix              0x8               .build/obj_bm40hsrgb_xue/quantum/matrix_common.o
USB_ControlRequest  0x8               .build/obj_bm40hsrgb_xue/lib/lufa/LUFA/Drivers/USB/Core/USBTask.o
tp_buttons          0x2               .build/obj_bm40hsrgb_xue/common/action.o
g_last_hit_tracker  0x29              .build/obj_bm40hsrgb_xue/quantum/rgb_matrix.o
USB_Device_RemoteWakeupEnabled
                    0x1               .build/obj_bm40hsrgb_xue/lib/lufa/LUFA/Drivers/USB/Core/DeviceStandardReq.o
[...]
Memory Configuration

Name             Origin             Length             Attributes
text             0x0000000000000000 0x0000000000020000 xr
data             0x0000000000800060 0x000000000000ffa0 rw !x
eeprom           0x0000000000810000 0x0000000000010000 rw !x
fuse             0x0000000000820000 0x0000000000000400 rw !x
lock             0x0000000000830000 0x0000000000000400 rw !x
signature        0x0000000000840000 0x0000000000000400 rw !x
user_signatures  0x0000000000850000 0x0000000000000400 rw !x
*default*        0x0000000000000000 0xffffffffffffffff

Linker script and memory map

Address of section .data set to 0x800100
LOAD c:/qmk_msys/mingw64/bin/../lib/gcc/avr/8.4.0/../../../../avr/lib/avr5/crtatmega32u4.o
LOAD .build/obj_bm40hsrgb_xue/keyboards/bm40hsrgb/bm40hsrgb.o
LOAD .build/obj_bm40hsrgb_xue/keyboards/bm40hsrgb/keymaps/xue/keymap.o
LOAD .build/obj_bm40hsrgb_xue/quantum/quantum.o
LOAD .build/obj_bm40hsrgb_xue/quantum/send_string.o
LOAD .build/obj_bm40hsrgb_xue/quantum/bitwise.o
LOAD .build/obj_bm40hsrgb_xue/quantum/led.o
LOAD .build/obj_bm40hsrgb_xue/quantum/keymap_common.o
LOAD .build/obj_bm40hsrgb_xue/quantum/keycode_config.o
LOAD .build/obj_bm40hsrgb_xue/quantum/bootmagic/bootmagic_lite.o
LOAD .build/obj_bm40hsrgb_xue/quantum/bootmagic/magic.o
LOAD .build/obj_bm40hsrgb_xue/quantum/matrix_common.o
LOAD .build/obj_bm40hsrgb_xue/quantum/matrix.o
LOAD .build/obj_bm40hsrgb_xue/quantum/debounce/sym_defer_g.o
LOAD .build/obj_bm40hsrgb_xue/quantum/mousekey.o
LOAD .build/obj_bm40hsrgb_xue/quantum/color.o
LOAD .build/obj_bm40hsrgb_xue/quantum/rgb_matrix.o
LOAD .build/obj_bm40hsrgb_xue/quantum/rgb_matrix_drivers.o
LOAD .build/obj_bm40hsrgb_xue/quantum/process_keycode/process_rgb.o
LOAD .build/obj_bm40hsrgb_xue/ws2812.o
LOAD .build/obj_bm40hsrgb_xue/quantum/led_tables.o
LOAD .build/obj_bm40hsrgb_xue/quantum/process_keycode/process_space_cadet.o
LOAD .build/obj_bm40hsrgb_xue/quantum/process_keycode/process_magic.o
LOAD .build/obj_bm40hsrgb_xue/quantum/process_keycode/process_grave_esc.o
LOAD .build/obj_bm40hsrgb_xue/quantum/process_keycode/process_tap_dance.o
LOAD .build/obj_bm40hsrgb_xue/common/host.o
LOAD .build/obj_bm40hsrgb_xue/common/keyboard.o
LOAD .build/obj_bm40hsrgb_xue/common/action.o
LOAD .build/obj_bm40hsrgb_xue/common/action_tapping.o
LOAD .build/obj_bm40hsrgb_xue/common/action_macro.o
LOAD .build/obj_bm40hsrgb_xue/common/action_layer.o
LOAD .build/obj_bm40hsrgb_xue/common/action_util.o
LOAD .build/obj_bm40hsrgb_xue/common/debug.o
LOAD .build/obj_bm40hsrgb_xue/common/sendchar_null.o
LOAD .build/obj_bm40hsrgb_xue/common/eeconfig.o
LOAD .build/obj_bm40hsrgb_xue/common/report.o
LOAD .build/obj_bm40hsrgb_xue/common/usb_util.o
LOAD .build/obj_bm40hsrgb_xue/common/avr/suspend.o
LOAD .build/obj_bm40hsrgb_xue/common/avr/timer.o
LOAD .build/obj_bm40hsrgb_xue/common/sync_timer.o
LOAD .build/obj_bm40hsrgb_xue/common/avr/bootloader.o
LOAD .build/obj_bm40hsrgb_xue/common/avr/xprintf.o
LOAD .build/obj_bm40hsrgb_xue/common/avr/printf.o
LOAD .build/obj_bm40hsrgb_xue/lufa.o
LOAD .build/obj_bm40hsrgb_xue/usb_descriptor.o
LOAD .build/obj_bm40hsrgb_xue/lib/lufa/LUFA/Drivers/USB/Class/Common/HIDParser.o
LOAD .build/obj_bm40hsrgb_xue/lib/lufa/LUFA/Drivers/USB/Core/AVR8/Device_AVR8.o
LOAD .build/obj_bm40hsrgb_xue/lib/lufa/LUFA/Drivers/USB/Core/AVR8/EndpointStream_AVR8.o
LOAD .build/obj_bm40hsrgb_xue/lib/lufa/LUFA/Drivers/USB/Core/AVR8/Endpoint_AVR8.o
LOAD .build/obj_bm40hsrgb_xue/lib/lufa/LUFA/Drivers/USB/Core/AVR8/Host_AVR8.o
LOAD .build/obj_bm40hsrgb_xue/lib/lufa/LUFA/Drivers/USB/Core/AVR8/PipeStream_AVR8.o
LOAD .build/obj_bm40hsrgb_xue/lib/lufa/LUFA/Drivers/USB/Core/AVR8/Pipe_AVR8.o
LOAD .build/obj_bm40hsrgb_xue/lib/lufa/LUFA/Drivers/USB/Core/AVR8/USBController_AVR8.o
LOAD .build/obj_bm40hsrgb_xue/lib/lufa/LUFA/Drivers/USB/Core/AVR8/USBInterrupt_AVR8.o
LOAD .build/obj_bm40hsrgb_xue/lib/lufa/LUFA/Drivers/USB/Core/ConfigDescriptors.o
LOAD .build/obj_bm40hsrgb_xue/lib/lufa/LUFA/Drivers/USB/Core/DeviceStandardReq.o
LOAD .build/obj_bm40hsrgb_xue/lib/lufa/LUFA/Drivers/USB/Core/Events.o
LOAD .build/obj_bm40hsrgb_xue/lib/lufa/LUFA/Drivers/USB/Core/HostStandardReq.o
LOAD .build/obj_bm40hsrgb_xue/lib/lufa/LUFA/Drivers/USB/Core/USBTask.o
LOAD .build/obj_bm40hsrgb_xue/protocol/lufa/usb_util.o
LOAD c:/qmk_msys/mingw64/bin/../lib/gcc/avr/8.4.0/../../../../avr/lib/avr5\libm.a
START GROUP
LOAD c:/qmk_msys/mingw64/bin/../lib/gcc/avr/8.4.0/avr5\libgcc.a
LOAD c:/qmk_msys/mingw64/bin/../lib/gcc/avr/8.4.0/../../../../avr/lib/avr5\libm.a
LOAD c:/qmk_msys/mingw64/bin/../lib/gcc/avr/8.4.0/../../../../avr/lib/avr5\libc.a
LOAD c:/qmk_msys/mingw64/bin/../lib/gcc/avr/8.4.0/../../../../avr/lib/avr5\libatmega32u4.a
END GROUP
                0x0000000000020000                __TEXT_REGION_LENGTH__ = DEFINED (__TEXT_REGION_LENGTH__)?__TEXT_REGION_LENGTH__:0x20000
                0x000000000000ffa0                __DATA_REGION_LENGTH__ = DEFINED (__DATA_REGION_LENGTH__)?__DATA_REGION_LENGTH__:0xffa0
                0x0000000000010000                __EEPROM_REGION_LENGTH__ = DEFINED (__EEPROM_REGION_LENGTH__)?__EEPROM_REGION_LENGTH__:0x10000
                0x0000000000000400                __FUSE_REGION_LENGTH__ = DEFINED (__FUSE_REGION_LENGTH__)?__FUSE_REGION_LENGTH__:0x400
                0x0000000000000400                __LOCK_REGION_LENGTH__ = DEFINED (__LOCK_REGION_LENGTH__)?__LOCK_REGION_LENGTH__:0x400
                0x0000000000000400                __SIGNATURE_REGION_LENGTH__ = DEFINED (__SIGNATURE_REGION_LENGTH__)?__SIGNATURE_REGION_LENGTH__:0x400
                0x0000000000000400                __USER_SIGNATURE_REGION_LENGTH__ = DEFINED (__USER_SIGNATURE_REGION_LENGTH__)?__USER_SIGNATURE_REGION_LENGTH__:0x400

.hash
 *(.hash)

.dynsym
 *(.dynsym)

.dynstr
 *(.dynstr)

.gnu.version
 *(.gnu.version)

.gnu.version_d
 *(.gnu.version_d)

.gnu.version_r
 *(.gnu.version_r)

.rel.init
 *(.rel.init)

.rela.init
 *(.rela.init)

.rel.text
 *(.rel.text)
 *(.rel.text.*)
 *(.rel.gnu.linkonce.t*)

.rela.text
 *(.rela.text)
 *(.rela.text.*)
 *(.rela.gnu.linkonce.t*)

.rel.fini
 *(.rel.fini)

.rela.fini
 *(.rela.fini)

.rel.rodata
 *(.rel.rodata)
 *(.rel.rodata.*)
 *(.rel.gnu.linkonce.r*)

.rela.rodata
 *(.rela.rodata)
 *(.rela.rodata.*)
 *(.rela.gnu.linkonce.r*)

.rel.data
 *(.rel.data)
 *(.rel.data.*)
 *(.rel.gnu.linkonce.d*)

.rela.data
 *(.rela.data)
 *(.rela.data.*)
 *(.rela.gnu.linkonce.d*)

.rel.ctors
 *(.rel.ctors)

.rela.ctors
 *(.rela.ctors)

.rel.dtors
 *(.rel.dtors)

.rela.dtors
 *(.rela.dtors)

.rel.got
 *(.rel.got)

.rela.got
 *(.rela.got)

.rel.bss
 *(.rel.bss)

.rela.bss
 *(.rela.bss)

.rel.plt
 *(.rel.plt)

.rela.plt
 *(.rela.plt)

.text           0x0000000000000000     0x5862
 *(.vectors)
 .vectors       0x0000000000000000       0xac c:/qmk_msys/mingw64/bin/../lib/gcc/avr/8.4.0/../../../../avr/lib/avr5/crtatmega32u4.o
                0x0000000000000000                __vector_default
                0x0000000000000000                __vectors
 *(.vectors)
 *(.progmem.gcc*)
                0x00000000000000ac                . = ALIGN (0x2)
                0x00000000000000ac                __trampolines_start = .
 *(.trampolines)
 .trampolines   0x00000000000000ac        0x0 linker stubs
 *(.trampolines*)
                0x00000000000000ac                __trampolines_end = .
 *libprintf_flt.a:*(.progmem.data)
 *libc.a:*(.progmem.data)
 *(.progmem.*)
 .progmem.data.__c.4005
                0x00000000000000ac        0xe .build/obj_bm40hsrgb_xue/keyboards/bm40hsrgb/keymaps/xue/keymap.o
 .progmem.data.keymaps
                0x00000000000000ba      0x180 .build/obj_bm40hsrgb_xue/keyboards/bm40hsrgb/keymaps/xue/keymap.o
                0x00000000000000ba                keymaps
 .progmem.data.ascii_to_keycode_lut
                0x000000000000023a       0x80 .build/obj_bm40hsrgb_xue/quantum/send_string.o
                0x000000000000023a                ascii_to_keycode_lut
 .progmem.data.ascii_to_dead_lut
                0x00000000000002ba       0x10 .build/obj_bm40hsrgb_xue/quantum/send_string.o
                0x00000000000002ba                ascii_to_dead_lut
 .progmem.data.ascii_to_altgr_lut
                0x00000000000002ca       0x10 .build/obj_bm40hsrgb_xue/quantum/send_string.o
                0x00000000000002ca                ascii_to_altgr_lut
 .progmem.data.ascii_to_shift_lut
                0x00000000000002da       0x10 .build/obj_bm40hsrgb_xue/quantum/send_string.o
                0x00000000000002da                ascii_to_shift_lut
 .progmem.data.fn_actions
                0x00000000000002ea        0x0 .build/obj_bm40hsrgb_xue/quantum/keymap_common.o
                0x00000000000002ea                fn_actions
 .progmem.data.CIE1931_CURVE
                0x00000000000002ea      0x100 .build/obj_bm40hsrgb_xue/quantum/led_tables.o
                0x00000000000002ea                CIE1931_CURVE
 .progmem.data.ProductString
                0x00000000000003ea       0x24 .build/obj_bm40hsrgb_xue/usb_descriptor.o
                0x00000000000003ea                ProductString
 .progmem.data.ManufacturerString
                0x000000000000040e       0x18 .build/obj_bm40hsrgb_xue/usb_descriptor.o
                0x000000000000040e                ManufacturerString
 .progmem.data.LanguageString
                0x0000000000000426        0x4 .build/obj_bm40hsrgb_xue/usb_descriptor.o
                0x0000000000000426                LanguageString
 .progmem.data.ConfigurationDescriptor
                0x000000000000042a       0x3b .build/obj_bm40hsrgb_xue/usb_descriptor.o
                0x000000000000042a                ConfigurationDescriptor
 .progmem.data.DeviceDescriptor
                0x0000000000000465       0x12 .build/obj_bm40hsrgb_xue/usb_descriptor.o
                0x0000000000000465                DeviceDescriptor
 .progmem.data.SharedReport
                0x0000000000000477       0x7b .build/obj_bm40hsrgb_xue/usb_descriptor.o
                0x0000000000000477                SharedReport
 .progmem.data.KeyboardReport
                0x00000000000004f2       0x40 .build/obj_bm40hsrgb_xue/usb_descriptor.o
                0x00000000000004f2                KeyboardReport
                0x0000000000000532                . = ALIGN (0x2)
 *(.lowtext)
 *(.lowtext*)
                0x0000000000000532                __ctors_start = .
 *(.ctors)
                0x0000000000000532                __ctors_end = .
                0x0000000000000532                __dtors_start = .
 *(.dtors)
                0x0000000000000532                __dtors_end = .
 SORT_BY_NAME(*)(.ctors)
 SORT_BY_NAME(*)(.dtors)
 *(.init0)
 .init0         0x0000000000000532        0x0 c:/qmk_msys/mingw64/bin/../lib/gcc/avr/8.4.0/../../../../avr/lib/avr5/crtatmega32u4.o
                0x0000000000000532                __init
 *(.init0)
 *(.init1)
 *(.init1)
 *(.init2)
 .init2         0x0000000000000532        0xc c:/qmk_msys/mingw64/bin/../lib/gcc/avr/8.4.0/../../../../avr/lib/avr5/crtatmega32u4.o
 *(.init2)
 *(.init3)
 .init3         0x000000000000053e       0x54 .build/obj_bm40hsrgb_xue/common/avr/bootloader.o
                0x000000000000053e                bootloader_jump_after_watchdog_reset
 *(.init3)
 *(.init4)
 .init4         0x0000000000000592       0x16 c:/qmk_msys/mingw64/bin/../lib/gcc/avr/8.4.0/avr5\libgcc.a(_copy_data.o)
                0x0000000000000592                __do_copy_data
 .init4         0x00000000000005a8       0x10 c:/qmk_msys/mingw64/bin/../lib/gcc/avr/8.4.0/avr5\libgcc.a(_clear_bss.o)
                0x00000000000005a8                __do_clear_bss
 *(.init4)
 *(.init5)
 *(.init5)
 *(.init6)
 *(.init6)
 *(.init7)
 *(.init7)
 *(.init8)
 *(.init8)
 *(.init9)
 .init9         0x00000000000005b8        0x8 c:/qmk_msys/mingw64/bin/../lib/gcc/avr/8.4.0/../../../../avr/lib/avr5/crtatmega32u4.o
 *(.init9)
 *(.text)
 .text          0x00000000000005c0        0x4 c:/qmk_msys/mingw64/bin/../lib/gcc/avr/8.4.0/../../../../avr/lib/avr5/crtatmega32u4.o
                0x00000000000005c0                __vector_38
                0x00000000000005c0                __vector_22
                0x00000000000005c0                __vector_28
                0x00000000000005c0                __vector_1
                0x00000000000005c0                __vector_32
                0x00000000000005c0                __vector_34
                0x00000000000005c0                __vector_24
                0x00000000000005c0                __bad_interrupt
                0x00000000000005c0                __vector_6
                0x00000000000005c0                __vector_31
                0x00000000000005c0                __vector_35
                0x00000000000005c0                __vector_39
                0x00000000000005c0                __vector_3
                0x00000000000005c0                __vector_23
                0x00000000000005c0                __vector_30
                0x00000000000005c0                __vector_25
                0x00000000000005c0                __vector_13
                0x00000000000005c0                __vector_17
                0x00000000000005c0                __vector_19
                0x00000000000005c0                __vector_7
                0x00000000000005c0                __vector_41
                0x00000000000005c0                __vector_27
                0x00000000000005c0                __vector_5
                0x00000000000005c0                __vector_33
                0x00000000000005c0                __vector_37
                0x00000000000005c0                __vector_4
                0x00000000000005c0                __vector_9
                0x00000000000005c0                __vector_2
                0x00000000000005c0                __vector_15
                0x00000000000005c0                __vector_36
                0x00000000000005c0                __vector_29
                0x00000000000005c0                __vector_40
                0x00000000000005c0                __vector_8
                0x00000000000005c0                __vector_26
                0x00000000000005c0                __vector_14
                0x00000000000005c0                __vector_16
                0x00000000000005c0                __vector_18
                0x00000000000005c0                __vector_20
                0x00000000000005c0                __vector_42
                0x00000000000005c4                . = ALIGN (0x2)
 *(.text.*)
 .text.suspend_power_down_kb
                0x00000000000005c4        0xa .build/obj_bm40hsrgb_xue/keyboards/bm40hsrgb/bm40hsrgb.o
                0x00000000000005c4                suspend_power_down_kb
 .text.suspend_wakeup_init_kb
                0x00000000000005ce        0xa .build/obj_bm40hsrgb_xue/keyboards/bm40hsrgb/bm40hsrgb.o
                0x00000000000005ce                suspend_wakeup_init_kb
 .text.run_macro
                0x00000000000005d8       0x34 .build/obj_bm40hsrgb_xue/keyboards/bm40hsrgb/keymaps/xue/keymap.o
                0x00000000000005d8                run_macro
 .text.get_current_layer
                0x000000000000060c       0x36 .build/obj_bm40hsrgb_xue/keyboards/bm40hsrgb/keymaps/xue/keymap.o
                0x000000000000060c                get_current_layer
 .text.process_record_user
                0x0000000000000642      0x12a .build/obj_bm40hsrgb_xue/keyboards/bm40hsrgb/keymaps/xue/keymap.o
                0x0000000000000642                process_record_user
 .text.matrix_scan_user
                0x000000000000076c       0x80 .build/obj_bm40hsrgb_xue/keyboards/bm40hsrgb/keymaps/xue/keymap.o
                0x000000000000076c                matrix_scan_user
 .text.keyboard_post_init_user
                0x00000000000007ec        0x6 .build/obj_bm40hsrgb_xue/keyboards/bm40hsrgb/keymaps/xue/keymap.o
                0x00000000000007ec                keyboard_post_init_user
 .text.rgb_matrix_indicators_kb
                0x00000000000007f2       0x52 .build/obj_bm40hsrgb_xue/keyboards/bm40hsrgb/keymaps/xue/keymap.o
                0x00000000000007f2                rgb_matrix_indicators_kb
 .text.do_code16
                0x0000000000000844       0x6e .build/obj_bm40hsrgb_xue/quantum/quantum.o
 .text.register_code16
                0x00000000000008b2       0x2a .build/obj_bm40hsrgb_xue/quantum/quantum.o
                0x00000000000008b2                register_code16
 .text.unregister_code16
                0x00000000000008dc       0x2a .build/obj_bm40hsrgb_xue/quantum/quantum.o
                0x00000000000008dc                unregister_code16
 .text.process_action_kb
                0x0000000000000906        0x4 .build/obj_bm40hsrgb_xue/quantum/quantum.o
                0x0000000000000906                process_action_kb
 .text.process_record_kb
                0x000000000000090a        0x4 .build/obj_bm40hsrgb_xue/quantum/quantum.o
                0x000000000000090a                process_record_kb
 .text.post_process_record_user
                0x000000000000090e        0x2 .build/obj_bm40hsrgb_xue/quantum/quantum.o
                0x000000000000090e                post_process_record_user
 .text.post_process_record_kb
                0x0000000000000910        0x4 .build/obj_bm40hsrgb_xue/quantum/quantum.o
                0x0000000000000910                post_process_record_kb
 .text.get_event_keycode
                0x0000000000000914       0x66 .build/obj_bm40hsrgb_xue/quantum/quantum.o
                0x0000000000000914                get_event_keycode
 .text.get_record_keycode
                0x000000000000097a       0x12 .build/obj_bm40hsrgb_xue/quantum/quantum.o
                0x000000000000097a                get_record_keycode
 .text.post_process_record_quantum
                0x000000000000098c       0x16 .build/obj_bm40hsrgb_xue/quantum/quantum.o
                0x000000000000098c                post_process_record_quantum
 .text.matrix_init_quantum
                0x00000000000009a2        0xc .build/obj_bm40hsrgb_xue/quantum/quantum.o
                0x00000000000009a2                matrix_init_quantum
 .text.matrix_scan_quantum
                0x00000000000009ae        0x8 .build/obj_bm40hsrgb_xue/quantum/quantum.o
                0x00000000000009ae                matrix_scan_quantum
 .text.shutdown_user
                0x00000000000009b6        0x2 .build/obj_bm40hsrgb_xue/quantum/quantum.o
                0x00000000000009b6                shutdown_user
 .text.reset_keyboard
                0x00000000000009b8       0x1e .build/obj_bm40hsrgb_xue/quantum/quantum.o
                0x00000000000009b8                reset_keyboard
 .text.process_record_quantum
                0x00000000000009d6       0xc6 .build/obj_bm40hsrgb_xue/quantum/quantum.o
                0x00000000000009d6                process_record_quantum
 .text.send_char
                0x0000000000000a9c       0xcc .build/obj_bm40hsrgb_xue/quantum/send_string.o
                0x0000000000000a9c                send_char
 .text.send_string_with_delay
                0x0000000000000b68       0xd0 .build/obj_bm40hsrgb_xue/quantum/send_string.o
                0x0000000000000b68                send_string_with_delay
 .text.send_string
                0x0000000000000c38        0x6 .build/obj_bm40hsrgb_xue/quantum/send_string.o
                0x0000000000000c38                send_string
 .text.send_string_with_delay_P
                0x0000000000000c3e       0xd4 .build/obj_bm40hsrgb_xue/quantum/send_string.o
                0x0000000000000c3e                send_string_with_delay_P
 .text.send_string_P
                0x0000000000000d12        0x6 .build/obj_bm40hsrgb_xue/quantum/send_string.o
                0x0000000000000d12                send_string_P
 .text.led_set_user
                0x0000000000000d18        0x2 .build/obj_bm40hsrgb_xue/quantum/led.o
                0x0000000000000d18                led_set_user
 .text.led_set_kb
                0x0000000000000d1a        0x4 .build/obj_bm40hsrgb_xue/quantum/led.o
                0x0000000000000d1a                led_set_kb
 .text.led_update_user
                0x0000000000000d1e        0x4 .build/obj_bm40hsrgb_xue/quantum/led.o
                0x0000000000000d1e                led_update_user
 .text.led_update_kb
                0x0000000000000d22        0x4 .build/obj_bm40hsrgb_xue/quantum/led.o
                0x0000000000000d22                led_update_kb
 .text.led_set  0x0000000000000d26       0x10 .build/obj_bm40hsrgb_xue/quantum/led.o
                0x0000000000000d26                led_set
 .text.action_get_macro
                0x0000000000000d36        0x6 .build/obj_bm40hsrgb_xue/quantum/keymap_common.o
                0x0000000000000d36                action_get_macro
 .text.action_function
                0x0000000000000d3c        0x2 .build/obj_bm40hsrgb_xue/quantum/keymap_common.o
                0x0000000000000d3c                action_function
 .text.keymap_key_to_keycode
                0x0000000000000d3e       0x28 .build/obj_bm40hsrgb_xue/quantum/keymap_common.o
                0x0000000000000d3e                keymap_key_to_keycode
 .text.keymap_function_id_to_action
                0x0000000000000d66       0x10 .build/obj_bm40hsrgb_xue/quantum/keymap_common.o
                0x0000000000000d66                keymap_function_id_to_action
 .text.action_for_key
                0x0000000000000d76      0x22a .build/obj_bm40hsrgb_xue/quantum/keymap_common.o
                0x0000000000000d76                action_for_key
 .text.keycode_config
                0x0000000000000fa0      0x12e .build/obj_bm40hsrgb_xue/quantum/keycode_config.o
                0x0000000000000fa0                keycode_config
 .text.mod_config
                0x00000000000010ce       0x86 .build/obj_bm40hsrgb_xue/quantum/keycode_config.o
                0x00000000000010ce                mod_config
 .text.bootmagic_lite_reset_eeprom
                0x0000000000001154        0x4 .build/obj_bm40hsrgb_xue/quantum/bootmagic/bootmagic_lite.o
                0x0000000000001154                bootmagic_lite_reset_eeprom
 .text.bootmagic_lite
                0x0000000000001158       0x28 .build/obj_bm40hsrgb_xue/quantum/bootmagic/bootmagic_lite.o
                0x0000000000001158                bootmagic_lite
 .text.bootmagic
                0x0000000000001180        0x4 .build/obj_bm40hsrgb_xue/quantum/bootmagic/bootmagic_lite.o
                0x0000000000001180                bootmagic
 .text.magic    0x0000000000001184       0x48 .build/obj_bm40hsrgb_xue/quantum/bootmagic/magic.o
                0x0000000000001184                magic
 .text.matrix_init_user
                0x00000000000011cc        0x2 .build/obj_bm40hsrgb_xue/quantum/matrix_common.o
                0x00000000000011cc                matrix_init_user
 .text.matrix_init_kb
                0x00000000000011ce        0x4 .build/obj_bm40hsrgb_xue/quantum/matrix_common.o
                0x00000000000011ce                matrix_init_kb
 .text.matrix_scan_kb
                0x00000000000011d2        0x4 .build/obj_bm40hsrgb_xue/quantum/matrix_common.o
                0x00000000000011d2                matrix_scan_kb
 .text.matrix_get_row
                0x00000000000011d6       0x12 .build/obj_bm40hsrgb_xue/quantum/matrix_common.o
                0x00000000000011d6                matrix_get_row
 .text.matrix_print
                0x00000000000011e8        0x2 .build/obj_bm40hsrgb_xue/quantum/matrix_common.o
                0x00000000000011e8                matrix_print
 .text.matrix_io_delay
                0x00000000000011ea        0x8 .build/obj_bm40hsrgb_xue/quantum/matrix_common.o
                0x00000000000011ea                matrix_io_delay
 .text.matrix_output_select_delay
                0x00000000000011f2        0x4 .build/obj_bm40hsrgb_xue/quantum/matrix_common.o
                0x00000000000011f2                matrix_output_select_delay
 .text.matrix_output_unselect_delay
                0x00000000000011f6        0x4 .build/obj_bm40hsrgb_xue/quantum/matrix_common.o
                0x00000000000011f6                matrix_output_unselect_delay
 .text.setPinInputHigh_atomic
                0x00000000000011fa       0x2e .build/obj_bm40hsrgb_xue/quantum/matrix.o
 .text.matrix_init
                0x0000000000001228       0x7c .build/obj_bm40hsrgb_xue/quantum/matrix.o
                0x0000000000001228                matrix_init
 .text.matrix_scan
                0x00000000000012a4      0x100 .build/obj_bm40hsrgb_xue/quantum/matrix.o
                0x00000000000012a4                matrix_scan
 .text.debounce_init
                0x00000000000013a4        0x2 .build/obj_bm40hsrgb_xue/quantum/debounce/sym_defer_g.o
                0x00000000000013a4                debounce_init
 .text.debounce
                0x00000000000013a6       0x72 .build/obj_bm40hsrgb_xue/quantum/debounce/sym_defer_g.o
                0x00000000000013a6                debounce
 .text.move_unit
                0x0000000000001418       0x94 .build/obj_bm40hsrgb_xue/quantum/mousekey.o
 .text.wheel_unit
                0x00000000000014ac       0x72 .build/obj_bm40hsrgb_xue/quantum/mousekey.o
 .text.mousekey_on
                0x000000000000151e       0xb4 .build/obj_bm40hsrgb_xue/quantum/mousekey.o
                0x000000000000151e                mousekey_on
 .text.mousekey_off
                0x00000000000015d2       0xf2 .build/obj_bm40hsrgb_xue/quantum/mousekey.o
                0x00000000000015d2                mousekey_off
 .text.mousekey_send
                0x00000000000016c4       0x36 .build/obj_bm40hsrgb_xue/quantum/mousekey.o
                0x00000000000016c4                mousekey_send
 .text.mousekey_task
                0x00000000000016fa      0x218 .build/obj_bm40hsrgb_xue/quantum/mousekey.o
                0x00000000000016fa                mousekey_task
 .text.mousekey_clear
                0x0000000000001912       0x1c .build/obj_bm40hsrgb_xue/quantum/mousekey.o
                0x0000000000001912                mousekey_clear
 .text.hsv_to_rgb_impl
                0x000000000000192e      0x12a .build/obj_bm40hsrgb_xue/quantum/color.o
                0x000000000000192e                hsv_to_rgb_impl
 .text.hsv_to_rgb
                0x0000000000001a58        0x6 .build/obj_bm40hsrgb_xue/quantum/color.o
                0x0000000000001a58                hsv_to_rgb
 .text.scale16by8
                0x0000000000001a5e       0x14 .build/obj_bm40hsrgb_xue/quantum/rgb_matrix.o
 .text.sqrt16   0x0000000000001a72       0x60 .build/obj_bm40hsrgb_xue/quantum/rgb_matrix.o
 .text.SOLID_SPLASH_math
                0x0000000000001ad2       0x2c .build/obj_bm40hsrgb_xue/quantum/rgb_matrix.o
                0x0000000000001ad2                SOLID_SPLASH_math
 .text.rgb_matrix_hsv_to_rgb
                0x0000000000001afe        0x4 .build/obj_bm40hsrgb_xue/quantum/rgb_matrix.o
                0x0000000000001afe                rgb_matrix_hsv_to_rgb
 .text.eeconfig_read_rgb_matrix
                0x0000000000001b02       0x10 .build/obj_bm40hsrgb_xue/quantum/rgb_matrix.o
                0x0000000000001b02                eeconfig_read_rgb_matrix
 .text.eeconfig_update_rgb_matrix
                0x0000000000001b12       0x10 .build/obj_bm40hsrgb_xue/quantum/rgb_matrix.o
                0x0000000000001b12                eeconfig_update_rgb_matrix
 .text.eeconfig_update_rgb_matrix_default
                0x0000000000001b22       0x26 .build/obj_bm40hsrgb_xue/quantum/rgb_matrix.o
                0x0000000000001b22                eeconfig_update_rgb_matrix_default
 .text.rgb_matrix_map_row_column_to_led_kb
                0x0000000000001b48        0x4 .build/obj_bm40hsrgb_xue/quantum/rgb_matrix.o
                0x0000000000001b48                rgb_matrix_map_row_column_to_led_kb
 .text.rgb_matrix_map_row_column_to_led
                0x0000000000001b4c       0x3e .build/obj_bm40hsrgb_xue/quantum/rgb_matrix.o
                0x0000000000001b4c                rgb_matrix_map_row_column_to_led
 .text.rgb_matrix_update_pwm_buffers
                0x0000000000001b8a        0xa .build/obj_bm40hsrgb_xue/quantum/rgb_matrix.o
                0x0000000000001b8a                rgb_matrix_update_pwm_buffers
 .text.rgb_matrix_set_color
                0x0000000000001b94        0xa .build/obj_bm40hsrgb_xue/quantum/rgb_matrix.o
                0x0000000000001b94                rgb_matrix_set_color
 .text.effect_runner_reactive_splash
                0x0000000000001b9e      0x198 .build/obj_bm40hsrgb_xue/quantum/rgb_matrix.o
                0x0000000000001b9e                effect_runner_reactive_splash
 .text.SOLID_SPLASH
                0x0000000000001d36       0x18 .build/obj_bm40hsrgb_xue/quantum/rgb_matrix.o
                0x0000000000001d36                SOLID_SPLASH
 .text.SOLID_COLOR
                0x0000000000001d4e       0x84 .build/obj_bm40hsrgb_xue/quantum/rgb_matrix.o
                0x0000000000001d4e                SOLID_COLOR
 .text.rgb_matrix_set_color_all
                0x0000000000001dd2        0xa .build/obj_bm40hsrgb_xue/quantum/rgb_matrix.o
                0x0000000000001dd2                rgb_matrix_set_color_all
 .text.process_rgb_matrix
                0x0000000000001ddc      0x12a .build/obj_bm40hsrgb_xue/quantum/rgb_matrix.o
                0x0000000000001ddc                process_rgb_matrix
 .text.rgb_matrix_indicators_user
                0x0000000000001f06        0x2 .build/obj_bm40hsrgb_xue/quantum/rgb_matrix.o
                0x0000000000001f06                rgb_matrix_indicators_user
 .text.rgb_matrix_indicators
                0x0000000000001f08        0x8 .build/obj_bm40hsrgb_xue/quantum/rgb_matrix.o
                0x0000000000001f08                rgb_matrix_indicators
 .text.rgb_matrix_indicators_advanced_kb
                0x0000000000001f10        0x2 .build/obj_bm40hsrgb_xue/quantum/rgb_matrix.o
                0x0000000000001f10                rgb_matrix_indicators_advanced_kb
 .text.rgb_matrix_indicators_advanced_user
                0x0000000000001f12        0x2 .build/obj_bm40hsrgb_xue/quantum/rgb_matrix.o
                0x0000000000001f12                rgb_matrix_indicators_advanced_user
 .text.rgb_matrix_indicators_advanced
                0x0000000000001f14       0x2e .build/obj_bm40hsrgb_xue/quantum/rgb_matrix.o
                0x0000000000001f14                rgb_matrix_indicators_advanced
 .text.rgb_matrix_task
                0x0000000000001f42      0x39a .build/obj_bm40hsrgb_xue/quantum/rgb_matrix.o
                0x0000000000001f42                rgb_matrix_task
 .text.rgb_matrix_init
                0x00000000000022dc       0xb8 .build/obj_bm40hsrgb_xue/quantum/rgb_matrix.o
                0x00000000000022dc                rgb_matrix_init
 .text.rgb_matrix_set_suspend_state
                0x0000000000002394       0x1a .build/obj_bm40hsrgb_xue/quantum/rgb_matrix.o
                0x0000000000002394                rgb_matrix_set_suspend_state
 .text.rgb_matrix_toggle_eeprom_helper
                0x00000000000023ae       0x18 .build/obj_bm40hsrgb_xue/quantum/rgb_matrix.o
                0x00000000000023ae                rgb_matrix_toggle_eeprom_helper
 .text.rgb_matrix_toggle
                0x00000000000023c6        0x6 .build/obj_bm40hsrgb_xue/quantum/rgb_matrix.o
                0x00000000000023c6                rgb_matrix_toggle
 .text.rgb_matrix_mode_eeprom_helper
                0x00000000000023cc       0x30 .build/obj_bm40hsrgb_xue/quantum/rgb_matrix.o
                0x00000000000023cc                rgb_matrix_mode_eeprom_helper
 .text.rgb_matrix_mode
                0x00000000000023fc        0x6 .build/obj_bm40hsrgb_xue/quantum/rgb_matrix.o
                0x00000000000023fc                rgb_matrix_mode
 .text.rgb_matrix_step_helper
                0x0000000000002402       0x18 .build/obj_bm40hsrgb_xue/quantum/rgb_matrix.o
                0x0000000000002402                rgb_matrix_step_helper
 .text.rgb_matrix_step
                0x000000000000241a        0x6 .build/obj_bm40hsrgb_xue/quantum/rgb_matrix.o
                0x000000000000241a                rgb_matrix_step
 .text.rgb_matrix_step_reverse_helper
                0x0000000000002420       0x16 .build/obj_bm40hsrgb_xue/quantum/rgb_matrix.o
                0x0000000000002420                rgb_matrix_step_reverse_helper
 .text.rgb_matrix_step_reverse
                0x0000000000002436        0x6 .build/obj_bm40hsrgb_xue/quantum/rgb_matrix.o
                0x0000000000002436                rgb_matrix_step_reverse
 .text.rgb_matrix_sethsv_eeprom_helper
                0x000000000000243c       0x1c .build/obj_bm40hsrgb_xue/quantum/rgb_matrix.o
                0x000000000000243c                rgb_matrix_sethsv_eeprom_helper
 .text.rgb_matrix_increase_hue_helper
                0x0000000000002458       0x20 .build/obj_bm40hsrgb_xue/quantum/rgb_matrix.o
                0x0000000000002458                rgb_matrix_increase_hue_helper
 .text.rgb_matrix_increase_hue
                0x0000000000002478        0x6 .build/obj_bm40hsrgb_xue/quantum/rgb_matrix.o
                0x0000000000002478                rgb_matrix_increase_hue
 .text.rgb_matrix_decrease_hue_helper
                0x000000000000247e       0x18 .build/obj_bm40hsrgb_xue/quantum/rgb_matrix.o
                0x000000000000247e                rgb_matrix_decrease_hue_helper
 .text.rgb_matrix_decrease_hue
                0x0000000000002496        0x6 .build/obj_bm40hsrgb_xue/quantum/rgb_matrix.o
                0x0000000000002496                rgb_matrix_decrease_hue
 .text.rgb_matrix_increase_sat_helper
                0x000000000000249c       0x1c .build/obj_bm40hsrgb_xue/quantum/rgb_matrix.o
                0x000000000000249c                rgb_matrix_increase_sat_helper
 .text.rgb_matrix_increase_sat
                0x00000000000024b8        0x6 .build/obj_bm40hsrgb_xue/quantum/rgb_matrix.o
                0x00000000000024b8                rgb_matrix_increase_sat
 .text.rgb_matrix_decrease_sat_helper
                0x00000000000024be       0x1c .build/obj_bm40hsrgb_xue/quantum/rgb_matrix.o
                0x00000000000024be                rgb_matrix_decrease_sat_helper
 .text.rgb_matrix_decrease_sat
                0x00000000000024da        0x6 .build/obj_bm40hsrgb_xue/quantum/rgb_matrix.o
                0x00000000000024da                rgb_matrix_decrease_sat
 .text.rgb_matrix_increase_val_helper
                0x00000000000024e0       0x1c .build/obj_bm40hsrgb_xue/quantum/rgb_matrix.o
                0x00000000000024e0                rgb_matrix_increase_val_helper
 .text.rgb_matrix_increase_val
                0x00000000000024fc        0x6 .build/obj_bm40hsrgb_xue/quantum/rgb_matrix.o
                0x00000000000024fc                rgb_matrix_increase_val
 .text.rgb_matrix_decrease_val_helper
                0x0000000000002502       0x1c .build/obj_bm40hsrgb_xue/quantum/rgb_matrix.o
                0x0000000000002502                rgb_matrix_decrease_val_helper
 .text.rgb_matrix_decrease_val
                0x000000000000251e        0x6 .build/obj_bm40hsrgb_xue/quantum/rgb_matrix.o
                0x000000000000251e                rgb_matrix_decrease_val
 .text.rgb_matrix_increase_speed_helper
                0x0000000000002524       0x18 .build/obj_bm40hsrgb_xue/quantum/rgb_matrix.o
                0x0000000000002524                rgb_matrix_increase_speed_helper
 .text.rgb_matrix_increase_speed
                0x000000000000253c        0x6 .build/obj_bm40hsrgb_xue/quantum/rgb_matrix.o
                0x000000000000253c                rgb_matrix_increase_speed
 .text.rgb_matrix_decrease_speed_helper
                0x0000000000002542       0x18 .build/obj_bm40hsrgb_xue/quantum/rgb_matrix.o
                0x0000000000002542                rgb_matrix_decrease_speed_helper
 .text.rgb_matrix_decrease_speed
                0x000000000000255a        0x6 .build/obj_bm40hsrgb_xue/quantum/rgb_matrix.o
                0x000000000000255a                rgb_matrix_decrease_speed
 .text.init     0x0000000000002560        0x2 .build/obj_bm40hsrgb_xue/quantum/rgb_matrix_drivers.o
 .text.setled   0x0000000000002562       0x16 .build/obj_bm40hsrgb_xue/quantum/rgb_matrix_drivers.o
 .text.setled_all
                0x0000000000002578       0x16 .build/obj_bm40hsrgb_xue/quantum/rgb_matrix_drivers.o
 .text.flush    0x000000000000258e        0xc .build/obj_bm40hsrgb_xue/quantum/rgb_matrix_drivers.o
 .text.handleKeycodeRGB
                0x000000000000259a        0xa .build/obj_bm40hsrgb_xue/quantum/process_keycode/process_rgb.o
 .text.process_rgb
                0x00000000000025a4       0xf8 .build/obj_bm40hsrgb_xue/quantum/process_keycode/process_rgb.o
                0x00000000000025a4                process_rgb
 .text.ws2812_setleds
                0x000000000000269c       0x58 .build/obj_bm40hsrgb_xue/ws2812.o
                0x000000000000269c                ws2812_setleds
 .text.perform_space_cadet
                0x00000000000026f4       0xd8 .build/obj_bm40hsrgb_xue/quantum/process_keycode/process_space_cadet.o
                0x00000000000026f4                perform_space_cadet
 .text.process_space_cadet
                0x00000000000027cc       0xa4 .build/obj_bm40hsrgb_xue/quantum/process_keycode/process_space_cadet.o
                0x00000000000027cc                process_space_cadet
 .text.process_magic
                0x0000000000002870      0x246 .build/obj_bm40hsrgb_xue/quantum/process_keycode/process_magic.o
                0x0000000000002870                process_magic
 .text.process_grave_esc
                0x0000000000002ab6       0x54 .build/obj_bm40hsrgb_xue/quantum/process_keycode/process_grave_esc.o
                0x0000000000002ab6                process_grave_esc
 .text.process_tap_dance_action_on_dance_finished.part.0
                0x0000000000002b0a       0x36 .build/obj_bm40hsrgb_xue/quantum/process_keycode/process_tap_dance.o
 .text.qk_tap_dance_pair_on_each_tap
                0x0000000000002b40       0x20 .build/obj_bm40hsrgb_xue/quantum/process_keycode/process_tap_dance.o
                0x0000000000002b40                qk_tap_dance_pair_on_each_tap
 .text.qk_tap_dance_pair_finished
                0x0000000000002b60       0x20 .build/obj_bm40hsrgb_xue/quantum/process_keycode/process_tap_dance.o
                0x0000000000002b60                qk_tap_dance_pair_finished
 .text.qk_tap_dance_pair_reset
                0x0000000000002b80       0x20 .build/obj_bm40hsrgb_xue/quantum/process_keycode/process_tap_dance.o
                0x0000000000002b80                qk_tap_dance_pair_reset
 .text.reset_tap_dance
                0x0000000000002ba0       0x8a .build/obj_bm40hsrgb_xue/quantum/process_keycode/process_tap_dance.o
                0x0000000000002ba0                reset_tap_dance
 .text.preprocess_tap_dance
                0x0000000000002c2a       0x90 .build/obj_bm40hsrgb_xue/quantum/process_keycode/process_tap_dance.o
                0x0000000000002c2a                preprocess_tap_dance
 .text.process_tap_dance
                0x0000000000002cba       0xb4 .build/obj_bm40hsrgb_xue/quantum/process_keycode/process_tap_dance.o
                0x0000000000002cba                process_tap_dance
 .text.matrix_scan_tap_dance
                0x0000000000002d6e       0x9e .build/obj_bm40hsrgb_xue/quantum/process_keycode/process_tap_dance.o
                0x0000000000002d6e                matrix_scan_tap_dance
 .text.host_set_driver
                0x0000000000002e0c        0xa .build/obj_bm40hsrgb_xue/common/host.o
                0x0000000000002e0c                host_set_driver
 .text.host_keyboard_leds
                0x0000000000002e16       0x18 .build/obj_bm40hsrgb_xue/common/host.o
                0x0000000000002e16                host_keyboard_leds
 .text.host_keyboard_led_state
                0x0000000000002e2e       0x1a .build/obj_bm40hsrgb_xue/common/host.o
                0x0000000000002e2e                host_keyboard_led_state
 .text.host_keyboard_send
                0x0000000000002e48       0x16 .build/obj_bm40hsrgb_xue/common/host.o
                0x0000000000002e48                host_keyboard_send
 .text.host_mouse_send
                0x0000000000002e5e       0x1c .build/obj_bm40hsrgb_xue/common/host.o
                0x0000000000002e5e                host_mouse_send
 .text.host_system_send
                0x0000000000002e7a       0x2c .build/obj_bm40hsrgb_xue/common/host.o
                0x0000000000002e7a                host_system_send
 .text.host_consumer_send
                0x0000000000002ea6       0x2c .build/obj_bm40hsrgb_xue/common/host.o
                0x0000000000002ea6                host_consumer_send
 .text.last_matrix_activity_trigger
                0x0000000000002ed2       0x26 .build/obj_bm40hsrgb_xue/common/keyboard.o
                0x0000000000002ed2                last_matrix_activity_trigger
 .text.disable_jtag
                0x0000000000002ef8        0xe .build/obj_bm40hsrgb_xue/common/keyboard.o
                0x0000000000002ef8                disable_jtag
 .text.keyboard_pre_init_user
                0x0000000000002f06        0x2 .build/obj_bm40hsrgb_xue/common/keyboard.o
                0x0000000000002f06                keyboard_pre_init_user
 .text.matrix_setup
                0x0000000000002f08        0x2 .build/obj_bm40hsrgb_xue/common/keyboard.o
                0x0000000000002f08                matrix_setup
 .text.keyboard_pre_init_kb
                0x0000000000002f0a        0x4 .build/obj_bm40hsrgb_xue/common/keyboard.o
                0x0000000000002f0a                keyboard_pre_init_kb
 .text.keyboard_post_init_kb
                0x0000000000002f0e        0x4 .build/obj_bm40hsrgb_xue/common/keyboard.o
                0x0000000000002f0e                keyboard_post_init_kb
 .text.keyboard_setup
                0x0000000000002f12       0x14 .build/obj_bm40hsrgb_xue/common/keyboard.o
                0x0000000000002f12                keyboard_setup
 .text.is_keyboard_master
                0x0000000000002f26        0x4 .build/obj_bm40hsrgb_xue/common/keyboard.o
                0x0000000000002f26                is_keyboard_master
 .text.should_process_keypress
                0x0000000000002f2a        0x4 .build/obj_bm40hsrgb_xue/common/keyboard.o
                0x0000000000002f2a                should_process_keypress
 .text.housekeeping_task_kb
                0x0000000000002f2e        0x2 .build/obj_bm40hsrgb_xue/common/keyboard.o
                0x0000000000002f2e                housekeeping_task_kb
 .text.housekeeping_task_user
                0x0000000000002f30        0x2 .build/obj_bm40hsrgb_xue/common/keyboard.o
                0x0000000000002f30                housekeeping_task_user
 .text.housekeeping_task
                0x0000000000002f32        0x8 .build/obj_bm40hsrgb_xue/common/keyboard.o
                0x0000000000002f32                housekeeping_task
 .text.keyboard_init
                0x0000000000002f3a        0xc .build/obj_bm40hsrgb_xue/common/keyboard.o
                0x0000000000002f3a                keyboard_init
 .text.keyboard_task
                0x0000000000002f46      0x174 .build/obj_bm40hsrgb_xue/common/keyboard.o
                0x0000000000002f46                keyboard_task
 .text.action_exec
                0x00000000000030ba       0x64 .build/obj_bm40hsrgb_xue/common/action.o
                0x00000000000030ba                action_exec
 .text.process_record_tap_hint
                0x000000000000311e        0xa .build/obj_bm40hsrgb_xue/common/action.o
                0x000000000000311e                process_record_tap_hint
 .text.register_code
                0x0000000000003128      0x124 .build/obj_bm40hsrgb_xue/common/action.o
                0x0000000000003128                register_code
 .text.unregister_code
                0x000000000000324c       0xac .build/obj_bm40hsrgb_xue/common/action.o
                0x000000000000324c                unregister_code
 .text.tap_code_delay
                0x00000000000032f8       0x2e .build/obj_bm40hsrgb_xue/common/action.o
                0x00000000000032f8                tap_code_delay
 .text.tap_code
                0x0000000000003326       0x10 .build/obj_bm40hsrgb_xue/common/action.o
                0x0000000000003326                tap_code
 .text.register_mods
                0x0000000000003336        0xe .build/obj_bm40hsrgb_xue/common/action.o
                0x0000000000003336                register_mods
 .text.unregister_mods
                0x0000000000003344        0xe .build/obj_bm40hsrgb_xue/common/action.o
                0x0000000000003344                unregister_mods
 .text.process_action
                0x0000000000003352      0x42c .build/obj_bm40hsrgb_xue/common/action.o
                0x0000000000003352                process_action
 .text.process_record_handler
                0x000000000000377e       0x2e .build/obj_bm40hsrgb_xue/common/action.o
                0x000000000000377e                process_record_handler
 .text.process_record
                0x00000000000037ac       0x50 .build/obj_bm40hsrgb_xue/common/action.o
                0x00000000000037ac                process_record
 .text.register_weak_mods
                0x00000000000037fc        0xe .build/obj_bm40hsrgb_xue/common/action.o
                0x00000000000037fc                register_weak_mods
 .text.unregister_weak_mods
                0x000000000000380a        0xe .build/obj_bm40hsrgb_xue/common/action.o
                0x000000000000380a                unregister_weak_mods
 .text.clear_keyboard_but_mods_and_keys
                0x0000000000003818       0x24 .build/obj_bm40hsrgb_xue/common/action.o
                0x0000000000003818                clear_keyboard_but_mods_and_keys
 .text.clear_keyboard_but_mods
                0x000000000000383c        0x8 .build/obj_bm40hsrgb_xue/common/action.o
                0x000000000000383c                clear_keyboard_but_mods
 .text.clear_keyboard
                0x0000000000003844        0x8 .build/obj_bm40hsrgb_xue/common/action.o
                0x0000000000003844                clear_keyboard
 .text.is_tap_action
                0x000000000000384c       0x3e .build/obj_bm40hsrgb_xue/common/action.o
                0x000000000000384c                is_tap_action
 .text.is_tap_key
                0x000000000000388a        0x8 .build/obj_bm40hsrgb_xue/common/action.o
                0x000000000000388a                is_tap_key
 .text.debug_event
                0x0000000000003892       0x1e .build/obj_bm40hsrgb_xue/common/action.o
                0x0000000000003892                debug_event
 .text.debug_record
                0x00000000000038b0       0x20 .build/obj_bm40hsrgb_xue/common/action.o
                0x00000000000038b0                debug_record
 .text.debug_waiting_buffer
                0x00000000000038d0       0x42 .build/obj_bm40hsrgb_xue/common/action_tapping.o
 .text.debug_tapping_key
                0x0000000000003912       0x1c .build/obj_bm40hsrgb_xue/common/action_tapping.o
 .text.waiting_buffer_scan_tap
                0x000000000000392e       0xac .build/obj_bm40hsrgb_xue/common/action_tapping.o
 .text.process_tapping
                0x00000000000039da      0x356 .build/obj_bm40hsrgb_xue/common/action_tapping.o
 .text.action_tapping_process
                0x0000000000003d30      0x134 .build/obj_bm40hsrgb_xue/common/action_tapping.o
                0x0000000000003d30                action_tapping_process
 .text.action_macro_play
                0x0000000000003e64       0xf0 .build/obj_bm40hsrgb_xue/common/action_macro.o
                0x0000000000003e64                action_macro_play
 .text.default_layer_state_set_user
                0x0000000000003f54        0x2 .build/obj_bm40hsrgb_xue/common/action_layer.o
                0x0000000000003f54                default_layer_state_set_user
 .text.default_layer_state_set_kb
                0x0000000000003f56        0x4 .build/obj_bm40hsrgb_xue/common/action_layer.o
                0x0000000000003f56                default_layer_state_set_kb
 .text.default_layer_state_set
                0x0000000000003f5a       0x18 .build/obj_bm40hsrgb_xue/common/action_layer.o
 .text.default_layer_debug
                0x0000000000003f72        0x2 .build/obj_bm40hsrgb_xue/common/action_layer.o
                0x0000000000003f72                default_layer_debug
 .text.default_layer_set
                0x0000000000003f74        0x4 .build/obj_bm40hsrgb_xue/common/action_layer.o
                0x0000000000003f74                default_layer_set
 .text.default_layer_or
                0x0000000000003f78       0x24 .build/obj_bm40hsrgb_xue/common/action_layer.o
                0x0000000000003f78                default_layer_or
 .text.default_layer_and
                0x0000000000003f9c       0x24 .build/obj_bm40hsrgb_xue/common/action_layer.o
                0x0000000000003f9c                default_layer_and
 .text.default_layer_xor
                0x0000000000003fc0       0x24 .build/obj_bm40hsrgb_xue/common/action_layer.o
                0x0000000000003fc0                default_layer_xor
 .text.layer_state_set_user
                0x0000000000003fe4        0x4 .build/obj_bm40hsrgb_xue/common/action_layer.o
                0x0000000000003fe4                layer_state_set_user
 .text.layer_state_set_kb
                0x0000000000003fe8        0x4 .build/obj_bm40hsrgb_xue/common/action_layer.o
                0x0000000000003fe8                layer_state_set_kb
 .text.layer_state_set
                0x0000000000003fec       0x18 .build/obj_bm40hsrgb_xue/common/action_layer.o
                0x0000000000003fec                layer_state_set
 .text.layer_clear
                0x0000000000004004        0xa .build/obj_bm40hsrgb_xue/common/action_layer.o
                0x0000000000004004                layer_clear
 .text.layer_state_cmp
                0x000000000000400e       0x2a .build/obj_bm40hsrgb_xue/common/action_layer.o
                0x000000000000400e                layer_state_cmp
 .text.layer_state_is
                0x0000000000004038       0x16 .build/obj_bm40hsrgb_xue/common/action_layer.o
                0x0000000000004038                layer_state_is
 .text.layer_move
                0x000000000000404e       0x2a .build/obj_bm40hsrgb_xue/common/action_layer.o
                0x000000000000404e                layer_move
 .text.layer_on
                0x0000000000004078       0x42 .build/obj_bm40hsrgb_xue/common/action_layer.o
                0x0000000000004078                layer_on
 .text.layer_off
                0x00000000000040ba       0x46 .build/obj_bm40hsrgb_xue/common/action_layer.o
                0x00000000000040ba                layer_off
 .text.layer_invert
                0x0000000000004100       0x42 .build/obj_bm40hsrgb_xue/common/action_layer.o
                0x0000000000004100                layer_invert
 .text.layer_or
                0x0000000000004142       0x24 .build/obj_bm40hsrgb_xue/common/action_layer.o
                0x0000000000004142                layer_or
 .text.layer_and
                0x0000000000004166       0x24 .build/obj_bm40hsrgb_xue/common/action_layer.o
                0x0000000000004166                layer_and
 .text.layer_xor
                0x000000000000418a       0x24 .build/obj_bm40hsrgb_xue/common/action_layer.o
                0x000000000000418a                layer_xor
 .text.layer_debug
                0x00000000000041ae        0x2 .build/obj_bm40hsrgb_xue/common/action_layer.o
                0x00000000000041ae                layer_debug
 .text.update_source_layers_cache
                0x00000000000041b0       0x58 .build/obj_bm40hsrgb_xue/common/action_layer.o
                0x00000000000041b0                update_source_layers_cache
 .text.read_source_layers_cache
                0x0000000000004208       0x50 .build/obj_bm40hsrgb_xue/common/action_layer.o
                0x0000000000004208                read_source_layers_cache
 .text.layer_switch_get_layer
                0x0000000000004258       0x84 .build/obj_bm40hsrgb_xue/common/action_layer.o
                0x0000000000004258                layer_switch_get_layer
 .text.layer_switch_get_action
                0x00000000000042dc       0x14 .build/obj_bm40hsrgb_xue/common/action_layer.o
                0x00000000000042dc                layer_switch_get_action
 .text.store_or_get_action
                0x00000000000042f0       0x48 .build/obj_bm40hsrgb_xue/common/action_layer.o
                0x00000000000042f0                store_or_get_action
 .text.add_key  0x0000000000004338        0xe .build/obj_bm40hsrgb_xue/common/action_util.o
                0x0000000000004338                add_key
 .text.del_key  0x0000000000004346        0xe .build/obj_bm40hsrgb_xue/common/action_util.o
                0x0000000000004346                del_key
 .text.clear_keys
                0x0000000000004354        0xc .build/obj_bm40hsrgb_xue/common/action_util.o
                0x0000000000004354                clear_keys
 .text.get_oneshot_layer
                0x0000000000004360        0xc .build/obj_bm40hsrgb_xue/common/action_util.o
                0x0000000000004360                get_oneshot_layer
 .text.get_oneshot_layer_state
                0x000000000000436c        0x8 .build/obj_bm40hsrgb_xue/common/action_util.o
                0x000000000000436c                get_oneshot_layer_state
 .text.is_oneshot_layer_active
                0x0000000000004374        0xe .build/obj_bm40hsrgb_xue/common/action_util.o
                0x0000000000004374                is_oneshot_layer_active
 .text.oneshot_set
                0x0000000000004382       0x24 .build/obj_bm40hsrgb_xue/common/action_util.o
                0x0000000000004382                oneshot_set
 .text.oneshot_toggle
                0x00000000000043a6       0x12 .build/obj_bm40hsrgb_xue/common/action_util.o
                0x00000000000043a6                oneshot_toggle
 .text.oneshot_enable
                0x00000000000043b8        0x6 .build/obj_bm40hsrgb_xue/common/action_util.o
                0x00000000000043b8                oneshot_enable
 .text.oneshot_disable
                0x00000000000043be        0x6 .build/obj_bm40hsrgb_xue/common/action_util.o
                0x00000000000043be                oneshot_disable
 .text.get_mods
                0x00000000000043c4        0x6 .build/obj_bm40hsrgb_xue/common/action_util.o
                0x00000000000043c4                get_mods
 .text.add_mods
                0x00000000000043ca        0xc .build/obj_bm40hsrgb_xue/common/action_util.o
                0x00000000000043ca                add_mods
 .text.del_mods
                0x00000000000043d6        0xe .build/obj_bm40hsrgb_xue/common/action_util.o
                0x00000000000043d6                del_mods
 .text.clear_mods
                0x00000000000043e4        0x6 .build/obj_bm40hsrgb_xue/common/action_util.o
                0x00000000000043e4                clear_mods
 .text.get_weak_mods
                0x00000000000043ea        0x6 .build/obj_bm40hsrgb_xue/common/action_util.o
                0x00000000000043ea                get_weak_mods
 .text.add_weak_mods
                0x00000000000043f0        0xc .build/obj_bm40hsrgb_xue/common/action_util.o
                0x00000000000043f0                add_weak_mods
 .text.del_weak_mods
                0x00000000000043fc        0xe .build/obj_bm40hsrgb_xue/common/action_util.o
                0x00000000000043fc                del_weak_mods
 .text.clear_weak_mods
                0x000000000000440a        0x6 .build/obj_bm40hsrgb_xue/common/action_util.o
                0x000000000000440a                clear_weak_mods
 .text.add_macro_mods
                0x0000000000004410        0xc .build/obj_bm40hsrgb_xue/common/action_util.o
                0x0000000000004410                add_macro_mods
 .text.del_macro_mods
                0x000000000000441c        0xe .build/obj_bm40hsrgb_xue/common/action_util.o
                0x000000000000441c                del_macro_mods
 .text.clear_macro_mods
                0x000000000000442a        0x6 .build/obj_bm40hsrgb_xue/common/action_util.o
                0x000000000000442a                clear_macro_mods
 .text.get_oneshot_mods
                0x0000000000004430        0x6 .build/obj_bm40hsrgb_xue/common/action_util.o
                0x0000000000004430                get_oneshot_mods
 .text.oneshot_mods_changed_user
                0x0000000000004436        0x2 .build/obj_bm40hsrgb_xue/common/action_util.o
                0x0000000000004436                oneshot_mods_changed_user
 .text.oneshot_mods_changed_kb
                0x0000000000004438        0x4 .build/obj_bm40hsrgb_xue/common/action_util.o
                0x0000000000004438                oneshot_mods_changed_kb
 .text.set_oneshot_mods
                0x000000000000443c       0x1a .build/obj_bm40hsrgb_xue/common/action_util.o
                0x000000000000443c                set_oneshot_mods
 .text.clear_oneshot_mods
                0x0000000000004456       0x14 .build/obj_bm40hsrgb_xue/common/action_util.o
                0x0000000000004456                clear_oneshot_mods
 .text.send_keyboard_report
                0x000000000000446a       0x66 .build/obj_bm40hsrgb_xue/common/action_util.o
                0x000000000000446a                send_keyboard_report
 .text.oneshot_layer_changed_user
                0x00000000000044d0        0x2 .build/obj_bm40hsrgb_xue/common/action_util.o
                0x00000000000044d0                oneshot_layer_changed_user
 .text.oneshot_layer_changed_kb
                0x00000000000044d2        0x4 .build/obj_bm40hsrgb_xue/common/action_util.o
                0x00000000000044d2                oneshot_layer_changed_kb
 .text.set_oneshot_layer
                0x00000000000044d6       0x2c .build/obj_bm40hsrgb_xue/common/action_util.o
                0x00000000000044d6                set_oneshot_layer
 .text.reset_oneshot_layer
                0x0000000000004502        0xa .build/obj_bm40hsrgb_xue/common/action_util.o
                0x0000000000004502                reset_oneshot_layer
 .text.clear_oneshot_layer_state
                0x000000000000450c       0x38 .build/obj_bm40hsrgb_xue/common/action_util.o
                0x000000000000450c                clear_oneshot_layer_state
 .text.sendchar
                0x0000000000004544        0x4 .build/obj_bm40hsrgb_xue/common/sendchar_null.o
                0x0000000000004544                sendchar
 .text.eeconfig_disable
                0x0000000000004548        0xc .build/obj_bm40hsrgb_xue/common/eeconfig.o
                0x0000000000004548                eeconfig_disable
 .text.eeconfig_is_enabled
                0x0000000000004554       0x16 .build/obj_bm40hsrgb_xue/common/eeconfig.o
                0x0000000000004554                eeconfig_is_enabled
 .text.eeconfig_read_debug
                0x000000000000456a        0x8 .build/obj_bm40hsrgb_xue/common/eeconfig.o
                0x000000000000456a                eeconfig_read_debug
 .text.eeconfig_read_default_layer
                0x0000000000004572        0x8 .build/obj_bm40hsrgb_xue/common/eeconfig.o
                0x0000000000004572                eeconfig_read_default_layer
 .text.eeconfig_read_keymap
                0x000000000000457a       0x1c .build/obj_bm40hsrgb_xue/common/eeconfig.o
                0x000000000000457a                eeconfig_read_keymap
 .text.eeconfig_update_keymap
                0x0000000000004596       0x1a .build/obj_bm40hsrgb_xue/common/eeconfig.o
                0x0000000000004596                eeconfig_update_keymap
 .text.eeconfig_update_kb
                0x00000000000045b0        0xc .build/obj_bm40hsrgb_xue/common/eeconfig.o
                0x00000000000045b0                eeconfig_update_kb
 .text.eeconfig_update_user
                0x00000000000045bc        0xc .build/obj_bm40hsrgb_xue/common/eeconfig.o
                0x00000000000045bc                eeconfig_update_user
 .text.eeconfig_init_user
                0x00000000000045c8        0xa .build/obj_bm40hsrgb_xue/common/eeconfig.o
                0x00000000000045c8                eeconfig_init_user
 .text.eeconfig_init_kb
                0x00000000000045d2        0xe .build/obj_bm40hsrgb_xue/common/eeconfig.o
                0x00000000000045d2                eeconfig_init_kb
 .text.eeconfig_init_quantum
                0x00000000000045e0       0xbe .build/obj_bm40hsrgb_xue/common/eeconfig.o
                0x00000000000045e0                eeconfig_init_quantum
 .text.eeconfig_init
                0x000000000000469e        0x4 .build/obj_bm40hsrgb_xue/common/eeconfig.o
                0x000000000000469e                eeconfig_init
 .text.eeconfig_update_handedness
                0x00000000000046a2        0xa .build/obj_bm40hsrgb_xue/common/eeconfig.o
                0x00000000000046a2                eeconfig_update_handedness
 .text.has_anykey
                0x00000000000046ac       0x24 .build/obj_bm40hsrgb_xue/common/report.o
                0x00000000000046ac                has_anykey
 .text.is_key_pressed
                0x00000000000046d0       0x1e .build/obj_bm40hsrgb_xue/common/report.o
                0x00000000000046d0                is_key_pressed
 .text.add_key_byte
                0x00000000000046ee       0x34 .build/obj_bm40hsrgb_xue/common/report.o
                0x00000000000046ee                add_key_byte
 .text.del_key_byte
                0x0000000000004722       0x1a .build/obj_bm40hsrgb_xue/common/report.o
                0x0000000000004722                del_key_byte
 .text.add_key_to_report
                0x000000000000473c        0x4 .build/obj_bm40hsrgb_xue/common/report.o
                0x000000000000473c                add_key_to_report
 .text.del_key_from_report
                0x0000000000004740        0x4 .build/obj_bm40hsrgb_xue/common/report.o
                0x0000000000004740                del_key_from_report
 .text.clear_keys_from_report
                0x0000000000004744        0xe .build/obj_bm40hsrgb_xue/common/report.o
                0x0000000000004744                clear_keys_from_report
 .text.matrix_power_up
                0x0000000000004752        0x2 .build/obj_bm40hsrgb_xue/common/avr/suspend.o
                0x0000000000004752                matrix_power_up
 .text.suspend_power_down_user
                0x0000000000004754        0x2 .build/obj_bm40hsrgb_xue/common/avr/suspend.o
                0x0000000000004754                suspend_power_down_user
 .text.suspend_power_down
                0x0000000000004756       0x62 .build/obj_bm40hsrgb_xue/common/avr/suspend.o
                0x0000000000004756                suspend_power_down
 .text.matrix_power_down
                0x00000000000047b8        0x2 .build/obj_bm40hsrgb_xue/common/avr/suspend.o
                0x00000000000047b8                matrix_power_down
 .text.suspend_wakeup_condition
                0x00000000000047ba       0x2a .build/obj_bm40hsrgb_xue/common/avr/suspend.o
                0x00000000000047ba                suspend_wakeup_condition
 .text.suspend_wakeup_init_user
                0x00000000000047e4        0x2 .build/obj_bm40hsrgb_xue/common/avr/suspend.o
                0x00000000000047e4                suspend_wakeup_init_user
 .text.suspend_wakeup_init
                0x00000000000047e6       0x16 .build/obj_bm40hsrgb_xue/common/avr/suspend.o
                0x00000000000047e6                suspend_wakeup_init
 .text.__vector_12
                0x00000000000047fc       0x4e .build/obj_bm40hsrgb_xue/common/avr/suspend.o
                0x00000000000047fc                __vector_12
 .text.timer_init
                0x000000000000484a       0x12 .build/obj_bm40hsrgb_xue/common/avr/timer.o
                0x000000000000484a                timer_init
 .text.timer_read
                0x000000000000485c       0x18 .build/obj_bm40hsrgb_xue/common/avr/timer.o
                0x000000000000485c                timer_read
 .text.timer_read32
                0x0000000000004874       0x18 .build/obj_bm40hsrgb_xue/common/avr/timer.o
                0x0000000000004874                timer_read32
 .text.timer_elapsed
                0x000000000000488c       0x1e .build/obj_bm40hsrgb_xue/common/avr/timer.o
                0x000000000000488c                timer_elapsed
 .text.timer_elapsed32
                0x00000000000048aa       0x38 .build/obj_bm40hsrgb_xue/common/avr/timer.o
                0x00000000000048aa                timer_elapsed32
 .text.__vector_21
                0x00000000000048e2       0x48 .build/obj_bm40hsrgb_xue/common/avr/timer.o
                0x00000000000048e2                __vector_21
 .text.bootloader_jump
                0x000000000000492a       0x48 .build/obj_bm40hsrgb_xue/common/avr/bootloader.o
                0x000000000000492a                bootloader_jump
 .text.print_set_sendchar
                0x0000000000004972        0xa .build/obj_bm40hsrgb_xue/common/avr/printf.o
                0x0000000000004972                print_set_sendchar
 .text.keyboard_leds
                0x000000000000497c        0x6 .build/obj_bm40hsrgb_xue/lufa.o
 .text.send_extra
                0x0000000000004982       0x66 .build/obj_bm40hsrgb_xue/lufa.o
 .text.send_consumer
                0x00000000000049e8        0x8 .build/obj_bm40hsrgb_xue/lufa.o
 .text.send_system
                0x00000000000049f0        0x8 .build/obj_bm40hsrgb_xue/lufa.o
 .text.send_mouse
                0x00000000000049f8       0x42 .build/obj_bm40hsrgb_xue/lufa.o
 .text.send_keyboard
                0x0000000000004a3a       0x5a .build/obj_bm40hsrgb_xue/lufa.o
 .text.EVENT_USB_Device_Connect
                0x0000000000004a94       0x1c .build/obj_bm40hsrgb_xue/lufa.o
                0x0000000000004a94                EVENT_USB_Device_Connect
 .text.EVENT_USB_Device_Disconnect
                0x0000000000004ab0        0x6 .build/obj_bm40hsrgb_xue/lufa.o
                0x0000000000004ab0                EVENT_USB_Device_Disconnect
 .text.EVENT_USB_Device_Reset
                0x0000000000004ab6        0x2 .build/obj_bm40hsrgb_xue/lufa.o
                0x0000000000004ab6                EVENT_USB_Device_Reset
 .text.EVENT_USB_Device_Suspend
                0x0000000000004ab8        0x2 .build/obj_bm40hsrgb_xue/lufa.o
                0x0000000000004ab8                EVENT_USB_Device_Suspend
 .text.EVENT_USB_Device_WakeUp
                0x0000000000004aba        0x2 .build/obj_bm40hsrgb_xue/lufa.o
                0x0000000000004aba                EVENT_USB_Device_WakeUp
 .text.EVENT_USB_Device_ConfigurationChanged
                0x0000000000004abc       0x14 .build/obj_bm40hsrgb_xue/lufa.o
                0x0000000000004abc                EVENT_USB_Device_ConfigurationChanged
 .text.EVENT_USB_Device_ControlRequest
                0x0000000000004ad0      0x16e .build/obj_bm40hsrgb_xue/lufa.o
                0x0000000000004ad0                EVENT_USB_Device_ControlRequest
 .text.startup.main
                0x0000000000004c3e       0x92 .build/obj_bm40hsrgb_xue/lufa.o
                0x0000000000004c3e                main
 .text.CALLBACK_USB_GetDescriptor
                0x0000000000004cd0        0x4 .build/obj_bm40hsrgb_xue/lufa.o
                0x0000000000004cd0                CALLBACK_USB_GetDescriptor
 .text.get_usb_descriptor
                0x0000000000004cd4       0xb0 .build/obj_bm40hsrgb_xue/usb_descriptor.o
                0x0000000000004cd4                get_usb_descriptor
 .text.USB_Device_SendRemoteWakeup
                0x0000000000004d84       0x2c .build/obj_bm40hsrgb_xue/lib/lufa/LUFA/Drivers/USB/Core/AVR8/Device_AVR8.o
                0x0000000000004d84                USB_Device_SendRemoteWakeup
 .text.Endpoint_Write_Stream_LE
                0x0000000000004db0       0x9e .build/obj_bm40hsrgb_xue/lib/lufa/LUFA/Drivers/USB/Core/AVR8/EndpointStream_AVR8.o
                0x0000000000004db0                Endpoint_Write_Stream_LE
 .text.Endpoint_Write_Control_Stream_LE
                0x0000000000004e4e       0xbc .build/obj_bm40hsrgb_xue/lib/lufa/LUFA/Drivers/USB/Core/AVR8/EndpointStream_AVR8.o
                0x0000000000004e4e                Endpoint_Write_Control_Stream_LE
 .text.Endpoint_Write_Control_PStream_LE
                0x0000000000004f0a       0xbe .build/obj_bm40hsrgb_xue/lib/lufa/LUFA/Drivers/USB/Core/AVR8/EndpointStream_AVR8.o
                0x0000000000004f0a                Endpoint_Write_Control_PStream_LE
 .text.Endpoint_ConfigureEndpoint_Prv
                0x0000000000004fc8       0x68 .build/obj_bm40hsrgb_xue/lib/lufa/LUFA/Drivers/USB/Core/AVR8/Endpoint_AVR8.o
                0x0000000000004fc8                Endpoint_ConfigureEndpoint_Prv
 .text.Endpoint_ClearStatusStage
                0x0000000000005030       0x3e .build/obj_bm40hsrgb_xue/lib/lufa/LUFA/Drivers/USB/Core/AVR8/Endpoint_AVR8.o
                0x0000000000005030                Endpoint_ClearStatusStage
 .text.Endpoint_WaitUntilReady
                0x000000000000506e       0x62 .build/obj_bm40hsrgb_xue/lib/lufa/LUFA/Drivers/USB/Core/AVR8/Endpoint_AVR8.o
                0x000000000000506e                Endpoint_WaitUntilReady
 .text.USB_Disable
                0x00000000000050d0       0x34 .build/obj_bm40hsrgb_xue/lib/lufa/LUFA/Drivers/USB/Core/AVR8/USBController_AVR8.o
                0x00000000000050d0                USB_Disable
 .text.USB_ResetInterface
                0x0000000000005104       0x86 .build/obj_bm40hsrgb_xue/lib/lufa/LUFA/Drivers/USB/Core/AVR8/USBController_AVR8.o
                0x0000000000005104                USB_ResetInterface
 .text.USB_Init
                0x000000000000518a       0x22 .build/obj_bm40hsrgb_xue/lib/lufa/LUFA/Drivers/USB/Core/AVR8/USBController_AVR8.o
                0x000000000000518a                USB_Init
 .text.USB_INT_DisableAllInterrupts
                0x00000000000051ac       0x10 .build/obj_bm40hsrgb_xue/lib/lufa/LUFA/Drivers/USB/Core/AVR8/USBInterrupt_AVR8.o
                0x00000000000051ac                USB_INT_DisableAllInterrupts
 .text.USB_INT_ClearAllInterrupts
                0x00000000000051bc        0xa .build/obj_bm40hsrgb_xue/lib/lufa/LUFA/Drivers/USB/Core/AVR8/USBInterrupt_AVR8.o
                0x00000000000051bc                USB_INT_ClearAllInterrupts
 .text.__vector_10
                0x00000000000051c6      0x1a8 .build/obj_bm40hsrgb_xue/lib/lufa/LUFA/Drivers/USB/Core/AVR8/USBInterrupt_AVR8.o
                0x00000000000051c6                __vector_10
 .text.__vector_11
                0x000000000000536e       0x88 .build/obj_bm40hsrgb_xue/lib/lufa/LUFA/Drivers/USB/Core/AVR8/USBInterrupt_AVR8.o
                0x000000000000536e                __vector_11
 .text.USB_Device_ProcessControlRequest
                0x00000000000053f6      0x2a4 .build/obj_bm40hsrgb_xue/lib/lufa/LUFA/Drivers/USB/Core/DeviceStandardReq.o
                0x00000000000053f6                USB_Device_ProcessControlRequest
 .text.USB_Event_Stub
                0x000000000000569a        0x2 .build/obj_bm40hsrgb_xue/lib/lufa/LUFA/Drivers/USB/Core/Events.o
                0x000000000000569a                EVENT_USB_Device_StartOfFrame
                0x000000000000569a                USB_Event_Stub
 .text.USB_USBTask
                0x000000000000569c       0x36 .build/obj_bm40hsrgb_xue/lib/lufa/LUFA/Drivers/USB/Core/USBTask.o
                0x000000000000569c                USB_USBTask
 .text.libgcc.div
                0x00000000000056d2       0x28 c:/qmk_msys/mingw64/bin/../lib/gcc/avr/8.4.0/avr5\libgcc.a(_udivmodhi4.o)
                0x00000000000056d2                __udivmodhi4
 .text.libgcc.div
                0x00000000000056fa       0x28 c:/qmk_msys/mingw64/bin/../lib/gcc/avr/8.4.0/avr5\libgcc.a(_divmodhi4.o)
                0x00000000000056fa                _div
                0x00000000000056fa                __divmodhi4
 .text.libgcc   0x0000000000005722        0xc c:/qmk_msys/mingw64/bin/../lib/gcc/avr/8.4.0/avr5\libgcc.a(_tablejump2.o)
                0x0000000000005722                __tablejump2__
 .text.avr-libc
                0x000000000000572e       0x12 c:/qmk_msys/mingw64/bin/../lib/gcc/avr/8.4.0/../../../../avr/lib/avr5\libc.a(memcpy.o)
                0x000000000000572e                memcpy
 .text.avr-libc
                0x0000000000005740       0x20 c:/qmk_msys/mingw64/bin/../lib/gcc/avr/8.4.0/../../../../avr/lib/avr5\libatmega32u4.a(eerd_block.o)
                0x0000000000005740                eeprom_read_block
                0x0000000000005744                eeprom_read_blraw
 .text.avr-libc
                0x0000000000005760       0x10 c:/qmk_msys/mingw64/bin/../lib/gcc/avr/8.4.0/../../../../avr/lib/avr5\libatmega32u4.a(eerd_byte.o)
                0x0000000000005760                eeprom_read_byte
 .text.avr-libc
                0x0000000000005770        0xc c:/qmk_msys/mingw64/bin/../lib/gcc/avr/8.4.0/../../../../avr/lib/avr5\libatmega32u4.a(eerd_word.o)
                0x0000000000005770                eeprom_read_word
 .text.avr-libc
                0x000000000000577c       0x20 c:/qmk_msys/mingw64/bin/../lib/gcc/avr/8.4.0/../../../../avr/lib/avr5\libatmega32u4.a(eeupd_block.o)
                0x000000000000577c                eeprom_update_block
 .text.avr-libc
                0x000000000000579c       0x24 c:/qmk_msys/mingw64/bin/../lib/gcc/avr/8.4.0/../../../../avr/lib/avr5\libatmega32u4.a(eeupd_byte.o)
                0x000000000000579c                eeprom_update_byte
                0x000000000000579e                eeprom_update_r18
 .text.avr-libc
                0x00000000000057c0       0x18 c:/qmk_msys/mingw64/bin/../lib/gcc/avr/8.4.0/../../../../avr/lib/avr5\libatmega32u4.a(eeupd_dword.o)
                0x00000000000057c0                eeprom_update_float
                0x00000000000057c0                eeprom_update_dword
 .text.avr-libc
                0x00000000000057d8        0xc c:/qmk_msys/mingw64/bin/../lib/gcc/avr/8.4.0/../../../../avr/lib/avr5\libatmega32u4.a(eeupd_word.o)
                0x00000000000057d8                eeprom_update_word
                0x00000000000057e4                . = ALIGN (0x2)
 *(.fini9)
 .fini9         0x00000000000057e4        0x0 c:/qmk_msys/mingw64/bin/../lib/gcc/avr/8.4.0/avr5\libgcc.a(_exit.o)
                0x00000000000057e4                _exit
                0x00000000000057e4                exit
 *(.fini9)
 *(.fini8)
 *(.fini8)
 *(.fini7)
 *(.fini7)
 *(.fini6)
 *(.fini6)
 *(.fini5)
 *(.fini5)
 *(.fini4)
 *(.fini4)
 *(.fini3)
 *(.fini3)
 *(.fini2)
 *(.fini2)
 *(.fini1)
 *(.fini1)
 *(.fini0)
 .fini0         0x00000000000057e4        0x4 c:/qmk_msys/mingw64/bin/../lib/gcc/avr/8.4.0/avr5\libgcc.a(_exit.o)
 *(.fini0)
 *(.hightext)
 *(.hightext*)
 *(.progmemx.*)
                0x00000000000057e8                . = ALIGN (0x2)
 *(.jumptables)
 *(.jumptables*)
 .jumptables.gcc.process_record_user
                0x00000000000057e8       0x1c .build/obj_bm40hsrgb_xue/keyboards/bm40hsrgb/keymaps/xue/keymap.o
 .jumptables.gcc.rgb_matrix_task
                0x0000000000005804        0xe .build/obj_bm40hsrgb_xue/quantum/rgb_matrix.o
 .jumptables.gcc.process_action
                0x0000000000005812       0x20 .build/obj_bm40hsrgb_xue/common/action.o
 .jumptables.gcc.is_tap_action
                0x0000000000005832       0x1c .build/obj_bm40hsrgb_xue/common/action.o
 .jumptables.gcc.USB_Device_ProcessControlRequest
                0x000000000000584e       0x14 .build/obj_bm40hsrgb_xue/lib/lufa/LUFA/Drivers/USB/Core/DeviceStandardReq.o
                0x0000000000005862                _etext = .

.data           0x0000000000800100      0x22a load address 0x0000000000005862
                0x0000000000800100                PROVIDE (__data_start = .)
 *(.data)
 *(.data*)
 .data.g_led_config
                0x0000000000800100       0xcf .build/obj_bm40hsrgb_xue/keyboards/bm40hsrgb/bm40hsrgb.o
                0x0000000000800100                g_led_config
 .data.tap_dance_actions
                0x00000000008001cf       0x42 .build/obj_bm40hsrgb_xue/keyboards/bm40hsrgb/keymaps/xue/keymap.o
                0x00000000008001cf                tap_dance_actions
 .data.__compound_literal.2
                0x0000000000800211        0x4 .build/obj_bm40hsrgb_xue/keyboards/bm40hsrgb/keymaps/xue/keymap.o
 .data.__compound_literal.1
                0x0000000000800215        0x4 .build/obj_bm40hsrgb_xue/keyboards/bm40hsrgb/keymaps/xue/keymap.o
 .data.__compound_literal.0
                0x0000000000800219        0x4 .build/obj_bm40hsrgb_xue/keyboards/bm40hsrgb/keymaps/xue/keymap.o
 .data.mk_wheel_time_to_max
                0x000000000080021d        0x1 .build/obj_bm40hsrgb_xue/quantum/mousekey.o
                0x000000000080021d                mk_wheel_time_to_max
 .data.mk_wheel_max_speed
                0x000000000080021e        0x1 .build/obj_bm40hsrgb_xue/quantum/mousekey.o
                0x000000000080021e                mk_wheel_max_speed
 .data.mk_wheel_interval
                0x000000000080021f        0x1 .build/obj_bm40hsrgb_xue/quantum/mousekey.o
                0x000000000080021f                mk_wheel_interval
 .data.mk_wheel_delay
                0x0000000000800220        0x1 .build/obj_bm40hsrgb_xue/quantum/mousekey.o
                0x0000000000800220                mk_wheel_delay
 .data.mk_time_to_max
                0x0000000000800221        0x1 .build/obj_bm40hsrgb_xue/quantum/mousekey.o
                0x0000000000800221                mk_time_to_max
 .data.mk_max_speed
                0x0000000000800222        0x1 .build/obj_bm40hsrgb_xue/quantum/mousekey.o
                0x0000000000800222                mk_max_speed
 .data.mk_interval
                0x0000000000800223        0x1 .build/obj_bm40hsrgb_xue/quantum/mousekey.o
                0x0000000000800223                mk_interval
 .data.mk_delay
                0x0000000000800224        0x1 .build/obj_bm40hsrgb_xue/quantum/mousekey.o
                0x0000000000800224                mk_delay
 .data.rgb_task_state
                0x0000000000800225        0x1 .build/obj_bm40hsrgb_xue/quantum/rgb_matrix.o
 .data.rgb_effect_params
                0x0000000000800226        0x3 .build/obj_bm40hsrgb_xue/quantum/rgb_matrix.o
 .data.rgb_last_effect
                0x0000000000800229        0x1 .build/obj_bm40hsrgb_xue/quantum/rgb_matrix.o
 .data.rgb_last_enable
                0x000000000080022a        0x1 .build/obj_bm40hsrgb_xue/quantum/rgb_matrix.o
 .data.highest_td
                0x000000000080022b        0x1 .build/obj_bm40hsrgb_xue/quantum/process_keycode/process_tap_dance.o
 .data.keyboard_report
                0x000000000080022c        0x2 .build/obj_bm40hsrgb_xue/common/action_util.o
                0x000000000080022c                keyboard_report
 .data.lufa_driver
                0x000000000080022e        0xa .build/obj_bm40hsrgb_xue/lufa.o
                0x000000000080022e                lufa_driver
 .data.keyboard_protocol
                0x0000000000800238        0x1 .build/obj_bm40hsrgb_xue/lufa.o
                0x0000000000800238                keyboard_protocol
 *(.gnu.linkonce.d*)
 *(.rodata)
 .rodata        0x0000000000800239       0x43 .build/obj_bm40hsrgb_xue/quantum/rgb_matrix.o
 *(.rodata*)
 .rodata.run_macro.str1.1
                0x000000000080027c        0xf .build/obj_bm40hsrgb_xue/keyboards/bm40hsrgb/keymaps/xue/keymap.o
 .rodata.process_record_user.str1.1
                0x000000000080028b       0x24 .build/obj_bm40hsrgb_xue/keyboards/bm40hsrgb/keymaps/xue/keymap.o
 .rodata.CSWTCH.1
                0x00000000008002af       0x2e .build/obj_bm40hsrgb_xue/quantum/keymap_common.o
 .rodata.CSWTCH.0
                0x00000000008002dd        0x3 .build/obj_bm40hsrgb_xue/quantum/keymap_common.o
 .rodata.col_pins
                0x00000000008002e0        0xc .build/obj_bm40hsrgb_xue/quantum/matrix.o
 .rodata.row_pins
                0x00000000008002ec        0x4 .build/obj_bm40hsrgb_xue/quantum/matrix.o
 .rodata.rgb_matrix_driver
                0x00000000008002f0        0x8 .build/obj_bm40hsrgb_xue/quantum/rgb_matrix_drivers.o
                0x00000000008002f0                rgb_matrix_driver
 .rodata.CSWTCH.12
                0x00000000008002f8       0x2e .build/obj_bm40hsrgb_xue/common/action.o
 .rodata.CSWTCH.11
                0x0000000000800326        0x3 .build/obj_bm40hsrgb_xue/common/action.o
 *(.gnu.linkonce.r*)
                0x000000000080032a                . = ALIGN (0x2)
 *fill*         0x0000000000800329        0x1 
                0x000000000080032a                _edata = .
                0x000000000080032a                PROVIDE (__data_end = .)

.bss            0x000000000080032a      0x1d2
                0x000000000080032a                PROVIDE (__bss_start = .)
 *(.bss)
 .bss           0x000000000080032a        0x2 .build/obj_bm40hsrgb_xue/common/avr/xprintf.o
                0x000000000080032a                xfunc_out
 *(.bss*)
 .bss.now_layer
                0x000000000080032c        0x1 .build/obj_bm40hsrgb_xue/keyboards/bm40hsrgb/keymaps/xue/keymap.o
                0x000000000080032c                now_layer
 .bss.last_layer
                0x000000000080032d        0x1 .build/obj_bm40hsrgb_xue/keyboards/bm40hsrgb/keymaps/xue/keymap.o
                0x000000000080032d                last_layer
 .bss.alt_tab_timer
                0x000000000080032e        0x2 .build/obj_bm40hsrgb_xue/keyboards/bm40hsrgb/keymaps/xue/keymap.o
                0x000000000080032e                alt_tab_timer
 .bss.is_alt_tab_active
                0x0000000000800330        0x1 .build/obj_bm40hsrgb_xue/keyboards/bm40hsrgb/keymaps/xue/keymap.o
                0x0000000000800330                is_alt_tab_active
 .bss.mo_alt_tab_timer
                0x0000000000800331        0x2 .build/obj_bm40hsrgb_xue/keyboards/bm40hsrgb/keymaps/xue/keymap.o
                0x0000000000800331                mo_alt_tab_timer
 .bss.is_mo_alt_tab_active
                0x0000000000800333        0x1 .build/obj_bm40hsrgb_xue/keyboards/bm40hsrgb/keymaps/xue/keymap.o
                0x0000000000800333                is_mo_alt_tab_active
 .bss.debouncing_time
                0x0000000000800334        0x2 .build/obj_bm40hsrgb_xue/quantum/debounce/sym_defer_g.o
 .bss.debouncing
                0x0000000000800336        0x1 .build/obj_bm40hsrgb_xue/quantum/debounce/sym_defer_g.o
 .bss.last_timer_w
                0x0000000000800337        0x2 .build/obj_bm40hsrgb_xue/quantum/mousekey.o
 .bss.last_timer_c
                0x0000000000800339        0x2 .build/obj_bm40hsrgb_xue/quantum/mousekey.o
 .bss.mousekey_wheel_repeat
                0x000000000080033b        0x1 .build/obj_bm40hsrgb_xue/quantum/mousekey.o
 .bss.mousekey_repeat
                0x000000000080033c        0x1 .build/obj_bm40hsrgb_xue/quantum/mousekey.o
 .bss.mousekey_accel
                0x000000000080033d        0x1 .build/obj_bm40hsrgb_xue/quantum/mousekey.o
 .bss.mouse_report
                0x000000000080033e        0x6 .build/obj_bm40hsrgb_xue/quantum/mousekey.o
 .bss.last_hit_buffer
                0x0000000000800344       0x29 .build/obj_bm40hsrgb_xue/quantum/rgb_matrix.o
 .bss.rgb_timer_buffer
                0x000000000080036d        0x4 .build/obj_bm40hsrgb_xue/quantum/rgb_matrix.o
 .bss.suspend_state
                0x0000000000800371        0x1 .build/obj_bm40hsrgb_xue/quantum/rgb_matrix.o
 .bss.sc_timer  0x0000000000800372        0x2 .build/obj_bm40hsrgb_xue/quantum/process_keycode/process_space_cadet.o
 .bss.sc_last   0x0000000000800374        0x1 .build/obj_bm40hsrgb_xue/quantum/process_keycode/process_space_cadet.o
 .bss.grave_esc_was_shifted
                0x0000000000800375        0x1 .build/obj_bm40hsrgb_xue/quantum/process_keycode/process_grave_esc.o
 .bss.last_td   0x0000000000800376        0x2 .build/obj_bm40hsrgb_xue/quantum/process_keycode/process_tap_dance.o
 .bss.last_consumer_report
                0x0000000000800378        0x2 .build/obj_bm40hsrgb_xue/common/host.o
 .bss.last_system_report
                0x000000000080037a        0x2 .build/obj_bm40hsrgb_xue/common/host.o
 .bss.driver    0x000000000080037c        0x2 .build/obj_bm40hsrgb_xue/common/host.o
 .bss.led_status.4072
                0x000000000080037e        0x1 .build/obj_bm40hsrgb_xue/common/keyboard.o
 .bss.matrix_prev.4071
                0x000000000080037f        0x8 .build/obj_bm40hsrgb_xue/common/keyboard.o
 .bss.last_matrix_modification_time
                0x0000000000800387        0x4 .build/obj_bm40hsrgb_xue/common/keyboard.o
 .bss.last_input_modification_time
                0x000000000080038b        0x4 .build/obj_bm40hsrgb_xue/common/keyboard.o
 .bss.disable_action_cache
                0x000000000080038f        0x1 .build/obj_bm40hsrgb_xue/common/action.o
                0x000000000080038f                disable_action_cache
 .bss.waiting_buffer_tail
                0x0000000000800390        0x1 .build/obj_bm40hsrgb_xue/common/action_tapping.o
 .bss.waiting_buffer_head
                0x0000000000800391        0x1 .build/obj_bm40hsrgb_xue/common/action_tapping.o
 .bss.waiting_buffer
                0x0000000000800392       0x30 .build/obj_bm40hsrgb_xue/common/action_tapping.o
 .bss.tapping_key
                0x00000000008003c2        0x6 .build/obj_bm40hsrgb_xue/common/action_tapping.o
 .bss.source_layers_cache
                0x00000000008003c8       0x1e .build/obj_bm40hsrgb_xue/common/action_layer.o
                0x00000000008003c8                source_layers_cache
 .bss.layer_state
                0x00000000008003e6        0x4 .build/obj_bm40hsrgb_xue/common/action_layer.o
                0x00000000008003e6                layer_state
 .bss.default_layer_state
                0x00000000008003ea        0x4 .build/obj_bm40hsrgb_xue/common/action_layer.o
                0x00000000008003ea                default_layer_state
 .bss.oneshot_layer_data
                0x00000000008003ee        0x1 .build/obj_bm40hsrgb_xue/common/action_util.o
 .bss.oneshot_mods
                0x00000000008003ef        0x1 .build/obj_bm40hsrgb_xue/common/action_util.o
 .bss.__compound_literal.0
                0x00000000008003f0        0x8 .build/obj_bm40hsrgb_xue/common/action_util.o
 .bss.macro_mods
                0x00000000008003f8        0x1 .build/obj_bm40hsrgb_xue/common/action_util.o
 .bss.weak_mods
                0x00000000008003f9        0x1 .build/obj_bm40hsrgb_xue/common/action_util.o
 .bss.real_mods
                0x00000000008003fa        0x1 .build/obj_bm40hsrgb_xue/common/action_util.o
 .bss.debug_config
                0x00000000008003fb        0x1 .build/obj_bm40hsrgb_xue/common/debug.o
                0x00000000008003fb                debug_config
 .bss.wdt_timeout
                0x00000000008003fc        0x1 .build/obj_bm40hsrgb_xue/common/avr/suspend.o
 .bss.keyboard_report_sent
                0x00000000008003fd        0x8 .build/obj_bm40hsrgb_xue/lufa.o
 .bss.keyboard_led_state
                0x0000000000800405        0x1 .build/obj_bm40hsrgb_xue/lufa.o
 .bss.keyboard_idle
                0x0000000000800406        0x1 .build/obj_bm40hsrgb_xue/lufa.o
                0x0000000000800406                keyboard_idle
 *(COMMON)
 COMMON         0x0000000000800407        0x2 .build/obj_bm40hsrgb_xue/quantum/bootmagic/magic.o
                0x0000000000800407                keymap_config
 COMMON         0x0000000000800409       0x10 .build/obj_bm40hsrgb_xue/quantum/matrix_common.o
                0x0000000000800409                raw_matrix
                0x0000000000800411                matrix
 COMMON         0x0000000000800419       0x33 .build/obj_bm40hsrgb_xue/quantum/rgb_matrix.o
                0x0000000000800419                rgb_matrix_config
                0x000000000080041f                g_rgb_timer
                0x0000000000800423                g_last_hit_tracker
 COMMON         0x000000000080044c       0x9f .build/obj_bm40hsrgb_xue/quantum/rgb_matrix_drivers.o
                0x000000000080044c                rgb_matrix_ws2812_array
 COMMON         0x00000000008004eb        0x4 .build/obj_bm40hsrgb_xue/common/avr/timer.o
                0x00000000008004eb                timer_count
 COMMON         0x00000000008004ef        0x3 .build/obj_bm40hsrgb_xue/lib/lufa/LUFA/Drivers/USB/Core/DeviceStandardReq.o
                0x00000000008004ef                USB_Device_ConfigurationNumber
                0x00000000008004f0                USB_Device_CurrentlySelfPowered
                0x00000000008004f1                USB_Device_RemoteWakeupEnabled
 COMMON         0x00000000008004f2        0xa .build/obj_bm40hsrgb_xue/lib/lufa/LUFA/Drivers/USB/Core/USBTask.o
                0x00000000008004f2                USB_IsInitialized
                0x00000000008004f3                USB_DeviceState
                0x00000000008004f4                USB_ControlRequest
                0x00000000008004fc                PROVIDE (__bss_end = .)
                0x0000000000005862                __data_load_start = LOADADDR (.data)
                0x0000000000005a8c                __data_load_end = (__data_load_start + SIZEOF (.data))

.noinit         0x00000000008004fc        0x4
                [!provide]                        PROVIDE (__noinit_start = .)
 *(.noinit*)
 .noinit        0x00000000008004fc        0x4 .build/obj_bm40hsrgb_xue/common/avr/bootloader.o
                0x00000000008004fc                reset_key
                [!provide]                        PROVIDE (__noinit_end = .)
                0x0000000000800500                _end = .
                [!provide]                        PROVIDE (__heap_start = .)

.eeprom         0x0000000000810000        0x0
 *(.eeprom*)
                0x0000000000810000                __eeprom_end = .

.fuse
 *(.fuse)
 *(.lfuse)
 *(.hfuse)
 *(.efuse)

.lock
 *(.lock*)

.signature
 *(.signature*)

.stab           0x0000000000000000       0x24
 *(.stab)
 .stab          0x0000000000000000       0x24 .build/obj_bm40hsrgb_xue/common/avr/xprintf.o
                                        0x8b8 (size before relaxing)

.stabstr        0x0000000000000000       0x88
 *(.stabstr)
 .stabstr       0x0000000000000000       0x88 .build/obj_bm40hsrgb_xue/common/avr/xprintf.o

.stab.excl
 *(.stab.excl)

.stab.exclstr
 *(.stab.exclstr)

.stab.index
 *(.stab.index)

.stab.indexstr
 *(.stab.indexstr)

.comment        0x0000000000000000       0x11
 *(.comment)
 .comment       0x0000000000000000       0x11 .build/obj_bm40hsrgb_xue/keyboards/bm40hsrgb/bm40hsrgb.o
                                         0x12 (size before relaxing)
 .comment       0x0000000000000011       0x12 .build/obj_bm40hsrgb_xue/keyboards/bm40hsrgb/keymaps/xue/keymap.o
 .comment       0x0000000000000011       0x12 .build/obj_bm40hsrgb_xue/quantum/quantum.o
 .comment       0x0000000000000011       0x12 .build/obj_bm40hsrgb_xue/quantum/send_string.o
 .comment       0x0000000000000011       0x12 .build/obj_bm40hsrgb_xue/quantum/led.o
 .comment       0x0000000000000011       0x12 .build/obj_bm40hsrgb_xue/quantum/keymap_common.o
 .comment       0x0000000000000011       0x12 .build/obj_bm40hsrgb_xue/quantum/keycode_config.o
 .comment       0x0000000000000011       0x12 .build/obj_bm40hsrgb_xue/quantum/bootmagic/bootmagic_lite.o
 .comment       0x0000000000000011       0x12 .build/obj_bm40hsrgb_xue/quantum/bootmagic/magic.o
 .comment       0x0000000000000011       0x12 .build/obj_bm40hsrgb_xue/quantum/matrix_common.o
 .comment       0x0000000000000011       0x12 .build/obj_bm40hsrgb_xue/quantum/matrix.o
 .comment       0x0000000000000011       0x12 .build/obj_bm40hsrgb_xue/quantum/debounce/sym_defer_g.o
 .comment       0x0000000000000011       0x12 .build/obj_bm40hsrgb_xue/quantum/mousekey.o
 .comment       0x0000000000000011       0x12 .build/obj_bm40hsrgb_xue/quantum/color.o
 .comment       0x0000000000000011       0x12 .build/obj_bm40hsrgb_xue/quantum/rgb_matrix.o
 .comment       0x0000000000000011       0x12 .build/obj_bm40hsrgb_xue/quantum/rgb_matrix_drivers.o
 .comment       0x0000000000000011       0x12 .build/obj_bm40hsrgb_xue/quantum/process_keycode/process_rgb.o
 .comment       0x0000000000000011       0x12 .build/obj_bm40hsrgb_xue/ws2812.o
 .comment       0x0000000000000011       0x12 .build/obj_bm40hsrgb_xue/quantum/led_tables.o
 .comment       0x0000000000000011       0x12 .build/obj_bm40hsrgb_xue/quantum/process_keycode/process_space_cadet.o
 .comment       0x0000000000000011       0x12 .build/obj_bm40hsrgb_xue/quantum/process_keycode/process_magic.o
 .comment       0x0000000000000011       0x12 .build/obj_bm40hsrgb_xue/quantum/process_keycode/process_grave_esc.o
 .comment       0x0000000000000011       0x12 .build/obj_bm40hsrgb_xue/quantum/process_keycode/process_tap_dance.o
 .comment       0x0000000000000011       0x12 .build/obj_bm40hsrgb_xue/common/host.o
 .comment       0x0000000000000011       0x12 .build/obj_bm40hsrgb_xue/common/keyboard.o
 .comment       0x0000000000000011       0x12 .build/obj_bm40hsrgb_xue/common/action.o
 .comment       0x0000000000000011       0x12 .build/obj_bm40hsrgb_xue/common/action_tapping.o
 .comment       0x0000000000000011       0x12 .build/obj_bm40hsrgb_xue/common/action_macro.o
 .comment       0x0000000000000011       0x12 .build/obj_bm40hsrgb_xue/common/action_layer.o
 .comment       0x0000000000000011       0x12 .build/obj_bm40hsrgb_xue/common/action_util.o
 .comment       0x0000000000000011       0x12 .build/obj_bm40hsrgb_xue/common/debug.o
 .comment       0x0000000000000011       0x12 .build/obj_bm40hsrgb_xue/common/sendchar_null.o
 .comment       0x0000000000000011       0x12 .build/obj_bm40hsrgb_xue/common/eeconfig.o
 .comment       0x0000000000000011       0x12 .build/obj_bm40hsrgb_xue/common/report.o
 .comment       0x0000000000000011       0x12 .build/obj_bm40hsrgb_xue/common/avr/suspend.o
 .comment       0x0000000000000011       0x12 .build/obj_bm40hsrgb_xue/common/avr/timer.o
 .comment       0x0000000000000011       0x12 .build/obj_bm40hsrgb_xue/common/avr/bootloader.o
 .comment       0x0000000000000011       0x12 .build/obj_bm40hsrgb_xue/common/avr/printf.o
 .comment       0x0000000000000011       0x12 .build/obj_bm40hsrgb_xue/lufa.o
 .comment       0x0000000000000011       0x12 .build/obj_bm40hsrgb_xue/usb_descriptor.o
 .comment       0x0000000000000011       0x12 .build/obj_bm40hsrgb_xue/lib/lufa/LUFA/Drivers/USB/Core/AVR8/Device_AVR8.o
 .comment       0x0000000000000011       0x12 .build/obj_bm40hsrgb_xue/lib/lufa/LUFA/Drivers/USB/Core/AVR8/EndpointStream_AVR8.o
 .comment       0x0000000000000011       0x12 .build/obj_bm40hsrgb_xue/lib/lufa/LUFA/Drivers/USB/Core/AVR8/Endpoint_AVR8.o
 .comment       0x0000000000000011       0x12 .build/obj_bm40hsrgb_xue/lib/lufa/LUFA/Drivers/USB/Core/AVR8/USBController_AVR8.o