   1               		.file	"magic.c"
   2               	__SP_H__ = 0x3e
   3               	__SP_L__ = 0x3d
   4               	__SREG__ = 0x3f
   5               	__tmp_reg__ = 0
   6               	__zero_reg__ = 1
   7               		.text
   8               	.Ltext0:
   9               		.cfi_sections	.debug_frame
  10               		.section	.text.bootmagic,"ax",@progbits
  11               		.weak	bootmagic
  13               	bootmagic:
  14               	.LFB12:
  15               		.file 1 "quantum/bootmagic/magic.c"
   1:quantum/bootmagic/magic.c **** /* Copyright 2021 QMK
   2:quantum/bootmagic/magic.c ****  *
   3:quantum/bootmagic/magic.c ****  * This program is free software: you can redistribute it and/or modify
   4:quantum/bootmagic/magic.c ****  * it under the terms of the GNU General Public License as published by
   5:quantum/bootmagic/magic.c ****  * the Free Software Foundation, either version 3 of the License, or
   6:quantum/bootmagic/magic.c ****  * (at your option) any later version.
   7:quantum/bootmagic/magic.c ****  *
   8:quantum/bootmagic/magic.c ****  * This program is distributed in the hope that it will be useful,
   9:quantum/bootmagic/magic.c ****  * but WITHOUT ANY WARRANTY; without even the implied warranty of
  10:quantum/bootmagic/magic.c ****  * MERCHANTABILITY or FITNESS FOR A PARTICULAR PURPOSE.  See the
  11:quantum/bootmagic/magic.c ****  * GNU General Public License for more details.
  12:quantum/bootmagic/magic.c ****  *
  13:quantum/bootmagic/magic.c ****  * You should have received a copy of the GNU General Public License
  14:quantum/bootmagic/magic.c ****  * along with this program.  If not, see <http://www.gnu.org/licenses/>.
  15:quantum/bootmagic/magic.c ****  */
  16:quantum/bootmagic/magic.c **** #include <stdint.h>
  17:quantum/bootmagic/magic.c **** #include <stdbool.h>
  18:quantum/bootmagic/magic.c **** #include "wait.h"
  19:quantum/bootmagic/magic.c **** #include "matrix.h"
  20:quantum/bootmagic/magic.c **** #include "bootloader.h"
  21:quantum/bootmagic/magic.c **** #include "debug.h"
  22:quantum/bootmagic/magic.c **** #include "keymap.h"
  23:quantum/bootmagic/magic.c **** #include "host.h"
  24:quantum/bootmagic/magic.c **** #include "action_layer.h"
  25:quantum/bootmagic/magic.c **** #include "eeconfig.h"
  26:quantum/bootmagic/magic.c **** #include "bootmagic.h"
  27:quantum/bootmagic/magic.c **** 
  28:quantum/bootmagic/magic.c **** keymap_config_t keymap_config;
  29:quantum/bootmagic/magic.c **** 
  30:quantum/bootmagic/magic.c **** __attribute__((weak)) void bootmagic(void) {}
  16               		.loc 1 30 44 view -0
  17               		.cfi_startproc
  18               	/* prologue: function */
  19               	/* frame size = 0 */
  20               	/* stack size = 0 */
  21               	.L__stack_usage = 0
  22               		.loc 1 30 45 view .LVU1
  23               	/* epilogue start */
  24               		.loc 1 30 1 is_stmt 0 view .LVU2
  25 0000 0895      		ret
  26               		.cfi_endproc
  27               	.LFE12:
  29               		.section	.text.magic,"ax",@progbits
  30               	.global	magic
  32               	magic:
  33               	.LFB13:
  31:quantum/bootmagic/magic.c **** 
  32:quantum/bootmagic/magic.c **** /** \brief Magic
  33:quantum/bootmagic/magic.c ****  *
  34:quantum/bootmagic/magic.c ****  * FIXME: Needs doc
  35:quantum/bootmagic/magic.c ****  */
  36:quantum/bootmagic/magic.c **** void magic(void) {
  34               		.loc 1 36 18 is_stmt 1 view -0
  35               		.cfi_startproc
  36               	/* prologue: function */
  37               	/* frame size = 0 */
  38               	/* stack size = 0 */
  39               	.L__stack_usage = 0
  37:quantum/bootmagic/magic.c ****     /* check signature */
  38:quantum/bootmagic/magic.c ****     if (!eeconfig_is_enabled()) {
  40               		.loc 1 38 5 view .LVU4
  41               		.loc 1 38 10 is_stmt 0 view .LVU5
  42 0000 0E94 0000 		call eeconfig_is_enabled
  43               	.LVL0:
  44               		.loc 1 38 8 view .LVU6
  45 0004 8111      		cpse r24,__zero_reg__
  46 0006 00C0      		rjmp .L3
  39:quantum/bootmagic/magic.c ****         eeconfig_init();
  47               		.loc 1 39 9 is_stmt 1 view .LVU7
  48 0008 0E94 0000 		call eeconfig_init
  49               	.LVL1:
  50               	.L3:
  40:quantum/bootmagic/magic.c ****     }
  41:quantum/bootmagic/magic.c **** 
  42:quantum/bootmagic/magic.c ****     /* init globals */
  43:quantum/bootmagic/magic.c ****     debug_config.raw  = eeconfig_read_debug();
  51               		.loc 1 43 5 view .LVU8
  52               		.loc 1 43 25 is_stmt 0 view .LVU9
  53 000c 0E94 0000 		call eeconfig_read_debug
  54               	.LVL2:
  55               		.loc 1 43 23 view .LVU10
  56 0010 8093 0000 		sts debug_config,r24
  44:quantum/bootmagic/magic.c ****     keymap_config.raw = eeconfig_read_keymap();
  57               		.loc 1 44 5 is_stmt 1 view .LVU11
  58               		.loc 1 44 25 is_stmt 0 view .LVU12
  59 0014 0E94 0000 		call eeconfig_read_keymap
  60               	.LVL3:
  61               		.loc 1 44 23 view .LVU13
  62 0018 9093 0000 		sts keymap_config+1,r25
  63 001c 8093 0000 		sts keymap_config,r24
  45:quantum/bootmagic/magic.c **** 
  46:quantum/bootmagic/magic.c ****     bootmagic();
  64               		.loc 1 46 5 is_stmt 1 view .LVU14
  65 0020 0E94 0000 		call bootmagic
  66               	.LVL4:
  47:quantum/bootmagic/magic.c **** 
  48:quantum/bootmagic/magic.c ****     /* read here just incase bootmagic process changed its value */
  49:quantum/bootmagic/magic.c ****     layer_state_t default_layer = (layer_state_t)eeconfig_read_default_layer();
  67               		.loc 1 49 5 view .LVU15
  68               		.loc 1 49 50 is_stmt 0 view .LVU16
  69 0024 0E94 0000 		call eeconfig_read_default_layer
  70               	.LVL5:
  50:quantum/bootmagic/magic.c ****     default_layer_set(default_layer);
  71               		.loc 1 50 5 is_stmt 1 view .LVU17
  49:quantum/bootmagic/magic.c ****     default_layer_set(default_layer);
  72               		.loc 1 49 19 is_stmt 0 view .LVU18
  73 0028 682F      		mov r22,r24
  74 002a 70E0      		ldi r23,0
  75 002c 90E0      		ldi r25,0
  76 002e 80E0      		ldi r24,0
  77               	.LVL6:
  78               		.loc 1 50 5 view .LVU19
  79 0030 0E94 0000 		call default_layer_set
  80               	.LVL7:
  51:quantum/bootmagic/magic.c **** 
  52:quantum/bootmagic/magic.c ****     /* Also initialize layer state to trigger callback functions for layer_state */
  53:quantum/bootmagic/magic.c ****     layer_state_set_kb((layer_state_t)layer_state);
  81               		.loc 1 53 5 is_stmt 1 view .LVU20
  82 0034 6091 0000 		lds r22,layer_state
  83 0038 7091 0000 		lds r23,layer_state+1
  84 003c 8091 0000 		lds r24,layer_state+2
  85 0040 9091 0000 		lds r25,layer_state+3
  86 0044 0C94 0000 		jmp layer_state_set_kb
  87               	.LVL8:
  88               		.cfi_endproc
  89               	.LFE13:
  91               		.comm	keymap_config,2,1
  92               		.text
  93               	.Letext0:
  94               		.file 2 "c:\\qmk_msys\\mingw64\\avr\\include\\stdint.h"
  95               		.file 3 "tmk_core/common/debug.h"
  96               		.file 4 "tmk_core/common/action.h"
  97               		.file 5 "tmk_core/common/host.h"
  98               		.file 6 "quantum/keycode_config.h"
  99               		.file 7 "tmk_core/common/timer.h"
 100               		.file 8 "quantum/sequencer/sequencer.h"
 101               		.file 9 "quantum/keymap.h"
 102               		.file 10 "tmk_core/common/action_layer.h"
 103               		.file 11 "tmk_core/common/eeconfig.h"
DEFINED SYMBOLS
                            *ABS*:0000000000000000 magic.c
C:\Users\xue\AppData\Local\Temp\ccnEzDyA.s:2      *ABS*:000000000000003e __SP_H__
C:\Users\xue\AppData\Local\Temp\ccnEzDyA.s:3      *ABS*:000000000000003d __SP_L__
C:\Users\xue\AppData\Local\Temp\ccnEzDyA.s:4      *ABS*:000000000000003f __SREG__
C:\Users\xue\AppData\Local\Temp\ccnEzDyA.s:5      *ABS*:0000000000000000 __tmp_reg__
C:\Users\xue\AppData\Local\Temp\ccnEzDyA.s:6      *ABS*:0000000000000001 __zero_reg__
C:\Users\xue\AppData\Local\Temp\ccnEzDyA.s:13     .text.bootmagic:0000000000000000 bootmagic
C:\Users\xue\AppData\Local\Temp\ccnEzDyA.s:32     .text.magic:0000000000000000 magic
                            *COM*:0000000000000002 keymap_config

UNDEFINED SYMBOLS
eeconfig_is_enabled
eeconfig_init
eeconfig_read_debug
debug_config
eeconfig_read_keymap
eeconfig_read_default_layer
default_layer_set
layer_state
layer_state_set_kb
__do_clear_bss
